Component: Arm Compiler for Embedded 6.23 Tool: armlink [5f102400]

==============================================================================

Section Cross References

    startup_stm32f103xe.o(RESET) refers to startup_stm32f103xe.o(STACK) for __initial_sp
    startup_stm32f103xe.o(RESET) refers to startup_stm32f103xe.o(.text) for Reset_Handler
    startup_stm32f103xe.o(RESET) refers to stm32f1xx_it.o(.text.NMI_Handler) for NMI_Handler
    startup_stm32f103xe.o(RESET) refers to stm32f1xx_it.o(.text.HardFault_Handler) for HardFault_Handler
    startup_stm32f103xe.o(RESET) refers to stm32f1xx_it.o(.text.MemManage_Handler) for MemManage_Handler
    startup_stm32f103xe.o(RESET) refers to stm32f1xx_it.o(.text.BusFault_Handler) for BusFault_Handler
    startup_stm32f103xe.o(RESET) refers to stm32f1xx_it.o(.text.UsageFault_Handler) for UsageFault_Handler
    startup_stm32f103xe.o(RESET) refers to stm32f1xx_it.o(.text.SVC_Handler) for SVC_Handler
    startup_stm32f103xe.o(RESET) refers to stm32f1xx_it.o(.text.DebugMon_Handler) for DebugMon_Handler
    startup_stm32f103xe.o(RESET) refers to stm32f1xx_it.o(.text.PendSV_Handler) for PendSV_Handler
    startup_stm32f103xe.o(RESET) refers to stm32f1xx_it.o(.text.SysTick_Handler) for SysTick_Handler
    startup_stm32f103xe.o(RESET) refers to exit.o(.text.EXTI0_IRQHandler) for EXTI0_IRQHandler
    startup_stm32f103xe.o(RESET) refers to exit.o(.text.EXTI1_IRQHandler) for EXTI1_IRQHandler
    startup_stm32f103xe.o(RESET) refers to exit.o(.text.EXTI2_IRQHandler) for EXTI2_IRQHandler
    startup_stm32f103xe.o(RESET) refers to exit.o(.text.EXTI3_IRQHandler) for EXTI3_IRQHandler
    startup_stm32f103xe.o(RESET) refers to stm32f1xx_it.o(.text.TIM1_UP_IRQHandler) for TIM1_UP_IRQHandler
    startup_stm32f103xe.o(RESET) refers to stm32f1xx_it.o(.text.TIM1_TRG_COM_IRQHandler) for TIM1_TRG_COM_IRQHandler
    startup_stm32f103xe.o(RESET) refers to stm32f1xx_it.o(.text.TIM2_IRQHandler) for TIM2_IRQHandler
    startup_stm32f103xe.o(RESET) refers to stm32f1xx_it.o(.text.TIM3_IRQHandler) for TIM3_IRQHandler
    startup_stm32f103xe.o(RESET) refers to stm32f1xx_it.o(.text.TIM4_IRQHandler) for TIM4_IRQHandler
    startup_stm32f103xe.o(RESET) refers to stm32f1xx_it.o(.text.USART1_IRQHandler) for USART1_IRQHandler
    startup_stm32f103xe.o(RESET) refers to stm32f1xx_it.o(.text.TIM8_UP_IRQHandler) for TIM8_UP_IRQHandler
    startup_stm32f103xe.o(RESET) refers to stm32f1xx_it.o(.text.TIM8_TRG_COM_IRQHandler) for TIM8_TRG_COM_IRQHandler
    startup_stm32f103xe.o(.text) refers to system_stm32f1xx.o(.text.SystemInit) for SystemInit
    startup_stm32f103xe.o(.text) refers to entry.o(.ARM.Collect$$$$00000000) for __main
    main.o(.text.main) refers to stm32f1xx_hal.o(.text.HAL_Init) for HAL_Init
    main.o(.text.main) refers to stm32f1xx_hal_rcc.o(.text.HAL_RCC_OscConfig) for HAL_RCC_OscConfig
    main.o(.text.main) refers to stm32f1xx_hal_rcc.o(.text.HAL_RCC_ClockConfig) for HAL_RCC_ClockConfig
    main.o(.text.main) refers to gpio.o(.text.MX_GPIO_Init) for MX_GPIO_Init
    main.o(.text.main) refers to i2c.o(.text.MX_I2C1_Init) for MX_I2C1_Init
    main.o(.text.main) refers to spi.o(.text.MX_SPI1_Init) for MX_SPI1_Init
    main.o(.text.main) refers to tim.o(.text.MX_TIM1_Init) for MX_TIM1_Init
    main.o(.text.main) refers to tim.o(.text.MX_TIM2_Init) for MX_TIM2_Init
    main.o(.text.main) refers to tim.o(.text.MX_TIM3_Init) for MX_TIM3_Init
    main.o(.text.main) refers to tim.o(.text.MX_TIM4_Init) for MX_TIM4_Init
    main.o(.text.main) refers to usart.o(.text.MX_UART4_Init) for MX_UART4_Init
    main.o(.text.main) refers to usart.o(.text.MX_UART5_Init) for MX_UART5_Init
    main.o(.text.main) refers to usart.o(.text.MX_USART1_UART_Init) for MX_USART1_UART_Init
    main.o(.text.main) refers to usart.o(.text.MX_USART2_UART_Init) for MX_USART2_UART_Init
    main.o(.text.main) refers to tim.o(.text.MX_TIM8_Init) for MX_TIM8_Init
    main.o(.text.main) refers to i2c.o(.text.MX_I2C2_Init) for MX_I2C2_Init
    main.o(.text.main) refers to tim.o(.bss.htim2) for htim2
    main.o(.text.main) refers to stm32f1xx_hal_tim.o(.text.HAL_TIM_Encoder_Start) for HAL_TIM_Encoder_Start
    main.o(.text.main) refers to tim.o(.bss.htim4) for htim4
    main.o(.text.main) refers to oled.o(.text.OLED_Init) for OLED_Init
    main.o(.text.main) refers to usart1.o(.text.usart1_Init) for usart1_Init
    main.o(.text.main) refers to pid.o(.text.PID_Param_Init) for PID_Param_Init
    main.o(.text.main) refers to pca9685.o(.text.PCA_MG9XX_Init) for PCA_MG9XX_Init
    main.o(.text.main) refers to em_alg.o(.text.alg_set_move_action) for alg_set_move_action
    main.o(.text.main) refers to puts.o(i.puts) for puts
    main.o(.text.main) refers to ps2.o(.bss..L_MergedGlobals.16) for COORD
    main.o(.text.main) refers to tim.o(.bss.htim1) for htim1
    main.o(.text.main) refers to pid.o(.bss..L_MergedGlobals) for PID
    main.o(.text.main) refers to ps2.o(.text.PS2Data) for PS2Data
[...]
    [Anonymous Symbol]                       0x080031ec   Section        0  stm32f1xx_hal_tim.o(.text.HAL_TIM_PWM_Init)
    [Anonymous Symbol]                       0x0800330c   Section        0  stm32f1xx_hal_tim.o(.text.HAL_TIM_PWM_MspInit)
    [Anonymous Symbol]                       0x08003310   Section        0  stm32f1xx_hal_tim.o(.text.HAL_TIM_PWM_PulseFinishedCallback)
    [Anonymous Symbol]                       0x08003314   Section        0  stm32f1xx_hal_tim.o(.text.HAL_TIM_PWM_Start)
    [Anonymous Symbol]                       0x080033f4   Section        0  gpio.o(.text.HAL_TIM_PeriodElapsedCallback)
    [Anonymous Symbol]                       0x08003480   Section        0  stm32f1xx_hal_tim.o(.text.HAL_TIM_TriggerCallback)
    [Anonymous Symbol]                       0x08003484   Section        0  usart1.o(.text.HAL_UART1_RxCpltCallback)
    [Anonymous Symbol]                       0x0800355c   Section        0  stm32f1xx_hal_uart.o(.text.HAL_UARTEx_RxEventCallback)
    [Anonymous Symbol]                       0x08003560   Section        0  stm32f1xx_hal_uart.o(.text.HAL_UART_ErrorCallback)
    [Anonymous Symbol]                       0x08003564   Section        0  stm32f1xx_hal_uart.o(.text.HAL_UART_IRQHandler)
    [Anonymous Symbol]                       0x08003ad4   Section        0  stm32f1xx_hal_uart.o(.text.HAL_UART_Init)
    [Anonymous Symbol]                       0x08003bb8   Section        0  usart.o(.text.HAL_UART_MspInit)
    [Anonymous Symbol]                       0x08003dac   Section        0  stm32f1xx_hal_uart.o(.text.HAL_UART_Receive_IT)
    [Anonymous Symbol]                       0x08003e00   Section        0  usart.o(.text.HAL_UART_RxCpltCallback)
    [Anonymous Symbol]                       0x08003e1c   Section        0  stm32f1xx_hal_uart.o(.text.HAL_UART_Transmit)
    [Anonymous Symbol]                       0x08004090   Section        0  stm32f1xx_hal_uart.o(.text.HAL_UART_TxCpltCallback)
    [Anonymous Symbol]                       0x08004094   Section        0  stm32f1xx_it.o(.text.HardFault_Handler)
    I2C_WaitOnBTFFlagUntilTimeout            0x08004099   Thumb Code   186  stm32f1xx_hal_i2c.o(.text.I2C_WaitOnBTFFlagUntilTimeout)
    [Anonymous Symbol]                       0x08004098   Section        0  stm32f1xx_hal_i2c.o(.text.I2C_WaitOnBTFFlagUntilTimeout)
    I2C_WaitOnFlagUntilTimeout               0x08004155   Thumb Code   458  stm32f1xx_hal_i2c.o(.text.I2C_WaitOnFlagUntilTimeout)
    [Anonymous Symbol]                       0x08004154   Section        0  stm32f1xx_hal_i2c.o(.text.I2C_WaitOnFlagUntilTimeout)
    I2C_WaitOnMasterAddressFlagUntilTimeout  0x08004321   Thumb Code   214  stm32f1xx_hal_i2c.o(.text.I2C_WaitOnMasterAddressFlagUntilTimeout)
    [Anonymous Symbol]                       0x08004320   Section        0  stm32f1xx_hal_i2c.o(.text.I2C_WaitOnMasterAddressFlagUntilTimeout)
    I2C_WaitOnRXNEFlagUntilTimeout           0x080043f9   Thumb Code   144  stm32f1xx_hal_i2c.o(.text.I2C_WaitOnRXNEFlagUntilTimeout)
    [Anonymous Symbol]                       0x080043f8   Section        0  stm32f1xx_hal_i2c.o(.text.I2C_WaitOnRXNEFlagUntilTimeout)
    I2C_WaitOnTXEFlagUntilTimeout            0x08004489   Thumb Code   186  stm32f1xx_hal_i2c.o(.text.I2C_WaitOnTXEFlagUntilTimeout)
    [Anonymous Symbol]                       0x08004488   Section        0  stm32f1xx_hal_i2c.o(.text.I2C_WaitOnTXEFlagUntilTimeout)
    [Anonymous Symbol]                       0x08004544   Section        0  gpio.o(.text.MX_GPIO_Init)
    [Anonymous Symbol]                       0x08004618   Section        0  i2c.o(.text.MX_I2C1_Init)
    [Anonymous Symbol]                       0x0800465c   Section        0  i2c.o(.text.MX_I2C2_Init)
    [Anonymous Symbol]                       0x080046a0   Section        0  spi.o(.text.MX_SPI1_Init)
    [Anonymous Symbol]                       0x080046f0   Section        0  tim.o(.text.MX_TIM1_Init)
    [Anonymous Symbol]                       0x08004768   Section        0  tim.o(.text.MX_TIM2_Init)
    [Anonymous Symbol]                       0x080047cc   Section        0  tim.o(.text.MX_TIM3_Init)
    [Anonymous Symbol]                       0x08004980   Section        0  tim.o(.text.MX_TIM4_Init)
    [Anonymous Symbol]                       0x080049e8   Section        0  tim.o(.text.MX_TIM8_Init)
    [Anonymous Symbol]                       0x08004bc0   Section        0  usart.o(.text.MX_UART4_Init)
    [Anonymous Symbol]                       0x08004bfc   Section        0  usart.o(.text.MX_UART5_Init)
    [Anonymous Symbol]                       0x08004c38   Section        0  usart.o(.text.MX_USART1_UART_Init)
    [Anonymous Symbol]                       0x08004c74   Section        0  usart.o(.text.MX_USART2_UART_Init)
    [Anonymous Symbol]                       0x08004cb0   Section        0  stm32f1xx_it.o(.text.MemManage_Handler)
    [Anonymous Symbol]                       0x08004cb4   Section        0  stm32f1xx_it.o(.text.NMI_Handler)
    [Anonymous Symbol]                       0x08004cb8   Section        0  oled.o(.text.OLED_Clear)
    [Anonymous Symbol]                       0x08004d58   Section        0  oled.o(.text.OLED_I2C_SendByte)
    [Anonymous Symbol]                       0x08004ebc   Section        0  oled.o(.text.OLED_Init)
    [Anonymous Symbol]                       0x08004fa8   Section        0  oled.o(.text.OLED_ShowChar)
    [Anonymous Symbol]                       0x08005080   Section        0  oled.o(.text.OLED_ShowNum)
    [Anonymous Symbol]                       0x08005138   Section        0  oled.o(.text.OLED_ShowSignedNum)
    [Anonymous Symbol]                       0x0800520c   Section        0  oled.o(.text.OLED_ShowString)
    [Anonymous Symbol]                       0x08005238   Section        0  oled.o(.text.OLED_WriteCommand)
    [Anonymous Symbol]                       0x080052b0   Section        0  oled.o(.text.OLED_WriteData)
    [Anonymous Symbol]                       0x08005328   Section        0  pca9685.o(.text.PCA_MG9XX)
    [Anonymous Symbol]                       0x080053ec   Section        0  pca9685.o(.text.PCA_MG9XX_Init)
    [Anonymous Symbol]                       0x08005a60   Section        0  pid.o(.text.PID_Param_Init)
    [Anonymous Symbol]                       0x08005a80   Section        0  ps2.o(.text.PS2Data)
    [Anonymous Symbol]                       0x08005c30   Section        0  servo.o(.text.PS2Servo)
    [Anonymous Symbol]                       0x08005d0c   Section        0  ps2.o(.text.PS2_Get)
    [Anonymous Symbol]                       0x080060d8   Section        0  pwm_motor.o(.text.PWM8_SetCH1)
    [Anonymous Symbol]                       0x080060f8   Section        0  pwm_motor.o(.text.PWM8_SetCH2)
    [Anonymous Symbol]                       0x08006118   Section        0  stm32f1xx_it.o(.text.PendSV_Handler)
    [Anonymous Symbol]                       0x0800611c   Section        0  encoder.o(.text.Read_SPEEDA)
    [Anonymous Symbol]                       0x08006190   Section        0  encoder.o(.text.Read_SPEEDB)
    SPI_WaitFlagStateUntilTimeout            0x080061f5   Thumb Code   228  stm32f1xx_hal_spi.o(.text.SPI_WaitFlagStateUntilTimeout)
    [Anonymous Symbol]                       0x080061f4   Section        0  stm32f1xx_hal_spi.o(.text.SPI_WaitFlagStateUntilTimeout)
    [Anonymous Symbol]                       0x080062d8   Section        0  stm32f1xx_it.o(.text.SVC_Handler)
    [Anonymous Symbol]                       0x080062dc   Section        0  stm32f1xx_it.o(.text.SysTick_Handler)
    [Anonymous Symbol]                       0x080062e0   Section        0  system_stm32f1xx.o(.text.SystemInit)
    [Anonymous Symbol]                       0x080062e4   Section        0  stm32f1xx_it.o(.text.TIM1_TRG_COM_IRQHandler)
    [Anonymous Symbol]                       0x080062f0   Section        0  stm32f1xx_it.o(.text.TIM1_UP_IRQHandler)
    [Anonymous Symbol]                       0x080062fc   Section        0  stm32f1xx_it.o(.text.TIM2_IRQHandler)
    [Anonymous Symbol]                       0x08006308   Section        0  stm32f1xx_it.o(.text.TIM3_IRQHandler)
    [Anonymous Symbol]                       0x08006314   Section        0  stm32f1xx_it.o(.text.TIM4_IRQHandler)
    [Anonymous Symbol]                       0x08006320   Section        0  stm32f1xx_it.o(.text.TIM8_TRG_COM_IRQHandler)
    [Anonymous Symbol]                       0x0800632c   Section        0  stm32f1xx_it.o(.text.TIM8_UP_IRQHandler)
    UART_DMAAbortOnError                     0x08006339   Thumb Code    12  stm32f1xx_hal_uart.o(.text.UART_DMAAbortOnError)
    [Anonymous Symbol]                       0x08006338   Section        0  stm32f1xx_hal_uart.o(.text.UART_DMAAbortOnError)
    UART_Receive_IT                          0x08006345   Thumb Code   254  stm32f1xx_hal_uart.o(.text.UART_Receive_IT)
    [Anonymous Symbol]                       0x08006344   Section        0  stm32f1xx_hal_uart.o(.text.UART_Receive_IT)
    [Anonymous Symbol]                       0x08006444   Section        0  stm32f1xx_it.o(.text.USART1_IRQHandler)
    [Anonymous Symbol]                       0x08006450   Section        0  stm32f1xx_it.o(.text.UsageFault_Handler)
    [Anonymous Symbol]                       0x08006454   Section        0  pid.o(.text.VelocityRing_MOTORA_Control)
    [Anonymous Symbol]                       0x08006514   Section        0  pid.o(.text.VelocityRing_MOTORB_Control)
    [Anonymous Symbol]                       0x080065ac   Section        0  em_alg.o(.text.alg_Yolo)
    [Anonymous Symbol]                       0x08006624   Section        0  em_alg.o(.text.alg_move_run)
    [Anonymous Symbol]                       0x080066a8   Section        0  em_alg.o(.text.alg_set_move_action)
    [Anonymous Symbol]                       0x080066dc   Section        0  usart.o(.text.fputc)
    [Anonymous Symbol]                       0x080066fc   Section        0  em_alg.o(.text.inverse_operation)
    [Anonymous Symbol]                       0x08006a78   Section        0  main.o(.text.main)
    [Anonymous Symbol]                       0x08006c90   Section        0  motor.o(.text.motor_speed)
    [Anonymous Symbol]                       0x08006d54   Section        0  pca9685.o(.text.pca_setfreq)
    [Anonymous Symbol]                       0x08006e5c   Section        0  motor.o(.text.step_run)
    [Anonymous Symbol]                       0x08006f34   Section        0  motor.o(.text.stop)
    [Anonymous Symbol]                       0x08006f48   Section        0  usart1.o(.text.usart1_Init)
    i.__0printf                              0x08006f68   Section        0  printfa.o(i.__0printf)
    i.__ARM_fpclassify                       0x08006f88   Section        0  fpclassify.o(i.__ARM_fpclassify)
    i.__kernel_poly                          0x08006fb0   Section        0  poly.o(i.__kernel_poly)
    i.__mathlib_dbl_infnan                   0x0800705a   Section        0  dunder.o(i.__mathlib_dbl_infnan)
    i.__mathlib_dbl_invalid                  0x08007060   Section        0  dunder.o(i.__mathlib_dbl_invalid)
    i.__mathlib_dbl_underflow                0x0800706c   Section        0  dunder.o(i.__mathlib_dbl_underflow)
    i.__scatterload_copy                     0x0800707c   Section       14  handlers.o(i.__scatterload_copy)
    i.__scatterload_null                     0x0800708a   Section        2  handlers.o(i.__scatterload_null)
    i.__scatterload_zeroinit                 0x0800708c   Section       14  handlers.o(i.__scatterload_zeroinit)
    i.__set_errno                            0x0800709c   Section        0  errno.o(i.__set_errno)
    _fp_digits                               0x080070a9   Thumb Code   366  printfa.o(i._fp_digits)
    i._fp_digits                             0x080070a8   Section        0  printfa.o(i._fp_digits)
    _printf_core                             0x0800722d   Thumb Code  1744  printfa.o(i._printf_core)
    i._printf_core                           0x0800722c   Section        0  printfa.o(i._printf_core)
    _printf_post_padding                     0x08007909   Thumb Code    36  printfa.o(i._printf_post_padding)
    i._printf_post_padding                   0x08007908   Section        0  printfa.o(i._printf_post_padding)
    _printf_pre_padding                      0x0800792d   Thumb Code    46  printfa.o(i._printf_pre_padding)
    i._printf_pre_padding                    0x0800792c   Section        0  printfa.o(i._printf_pre_padding)
    i.acos                                   0x0800795c   Section        0  acos.o(i.acos)
    i.atan                                   0x08007bd8   Section        0  atan.o(i.atan)
    i.floor                                  0x08007df8   Section        0  floor.o(i.floor)
    i.putchar                                0x08007ed4   Section        0  putchar.o(i.putchar)
    i.puts                                   0x08007ee0   Section        0  puts.o(i.puts)
    i.sqrt                                   0x08007f04   Section        0  sqrt.o(i.sqrt)
    pS                                       0x08007f50   Data          48  acos.o(.constdata)
    .constdata                               0x08007f50   Section       80  acos.o(.constdata)
    qS                                       0x08007f80   Data          32  acos.o(.constdata)
    atanhi                                   0x08007fa0   Data          32  atan.o(.constdata)
    .constdata                               0x08007fa0   Section      152  atan.o(.constdata)
    atanlo                                   0x08007fc0   Data          32  atan.o(.constdata)
    aTodd                                    0x08007fe0   Data          40  atan.o(.constdata)
    aTeven                                   0x08008008   Data          48  atan.o(.constdata)
    HAL_RCC_GetSysClockFreq.aPredivFactorTable 0x08008050   Data           2  stm32f1xx_hal_rcc.o(.rodata.HAL_RCC_GetSysClockFreq.aPredivFactorTable)
    [Anonymous Symbol]                       0x08008050   Section        0  stm32f1xx_hal_rcc.o(.rodata.HAL_RCC_GetSysClockFreq.aPredivFactorTable)
    HAL_RCC_GetSysClockFreq.aPLLMULFactorTable 0x08008642   Data          16  stm32f1xx_hal_rcc.o(.rodata.cst16)
    [Anonymous Symbol]                       0x08008642   Section        0  stm32f1xx_hal_rcc.o(.rodata.cst16)
    .L.str                                   0x08008652   Data          43  usart1.o(.rodata.str1.1)
    [Anonymous Symbol]                       0x08008652   Section        0  usart1.o(.rodata.str1.1)
    .L.str.5                                 0x0800867d   Data           8  ps2.o(.rodata.str1.1)
    [Anonymous Symbol]                       0x0800867d   Section        0  ps2.o(.rodata.str1.1)
    .L.str                                   0x08008685   Data           6  ps2.o(.rodata.str1.1)
    .L.str                                   0x0800868b   Data          11  em_alg.o(.rodata.str1.1)
    [Anonymous Symbol]                       0x0800868b   Section        0  em_alg.o(.rodata.str1.1)
    .L.str.3                                 0x08008696   Data          35  em_alg.o(.rodata.str1.1)
    .L.str.4                                 0x080086b9   Data          36  em_alg.o(.rodata.str1.1)
    .data                                    0x20000000   Section        4  stdout.o(.data)
    _errno                                   0x20000004   Data           4  errno.o(.data)
    .data                                    0x20000004   Section        4  errno.o(.data)
    .L_MergedGlobals                         0x20000008   Data           8  stm32f1xx_hal.o(.data..L_MergedGlobals)
    [Anonymous Symbol]                       0x20000008   Section        0  stm32f1xx_hal.o(.data..L_MergedGlobals)
    .L_MergedGlobals                         0x20000010   Data          10  ps2.o(.data..L_MergedGlobals)
    [Anonymous Symbol]                       0x20000010   Section        0  ps2.o(.data..L_MergedGlobals)
    .L_MergedGlobals                         0x20000028   Data          12  gpio.o(.bss..L_MergedGlobals)
    [Anonymous Symbol]                       0x20000028   Section        0  gpio.o(.bss..L_MergedGlobals)
    .L_MergedGlobals                         0x20000034   Data         109  usart1.o(.bss..L_MergedGlobals)
    HAL_UART1_RxCpltCallback.rx_byte         0x20000034   Data           1  usart1.o(.bss..L_MergedGlobals)
    [Anonymous Symbol]                       0x20000034   Section        0  usart1.o(.bss..L_MergedGlobals)
    HAL_UART1_RxCpltCallback.rx_state        0x20000035   Data           1  usart1.o(.bss..L_MergedGlobals)
    HAL_UART1_RxCpltCallback.rx_count        0x20000036   Data           1  usart1.o(.bss..L_MergedGlobals)
    HAL_UART1_RxCpltCallback.callup          0x20000037   Data           1  usart1.o(.bss..L_MergedGlobals)
    HAL_UART1_RxCpltCallback.rx_data         0x2000003a   Data           3  usart1.o(.bss..L_MergedGlobals)
    .L_MergedGlobals                         0x200000a4   Data          12  servo.o(.bss..L_MergedGlobals)
    [Anonymous Symbol]                       0x200000a4   Section        0  servo.o(.bss..L_MergedGlobals)
    .L_MergedGlobals                         0x200000b0   Data          12  motor.o(.bss..L_MergedGlobals)
    [Anonymous Symbol]                       0x200000b0   Section        0  motor.o(.bss..L_MergedGlobals)
    .L_MergedGlobals                         0x200000bc   Data          64  pid.o(.bss..L_MergedGlobals)
    VelocityRing_PID_MOTORA_Realize.Error_Last 0x200000bc   Data           4  pid.o(.bss..L_MergedGlobals)
    [Anonymous Symbol]                       0x200000bc   Section        0  pid.o(.bss..L_MergedGlobals)
    VelocityRing_PID_MOTORA_Realize.Integral_Error 0x200000c0   Data           4  pid.o(.bss..L_MergedGlobals)
    VelocityRing_PID_MOTORB_Realize.Error_Last 0x200000c4   Data           4  pid.o(.bss..L_MergedGlobals)
    VelocityRing_PID_MOTORB_Realize.Integral_Error 0x200000c8   Data           4  pid.o(.bss..L_MergedGlobals)
    .L_MergedGlobals                         0x200000fc   Data          24  em_alg.o(.bss..L_MergedGlobals)
    [Anonymous Symbol]                       0x200000fc   Section        0  em_alg.o(.bss..L_MergedGlobals)
    .L_MergedGlobals.16                      0x20000114   Data          64  ps2.o(.bss..L_MergedGlobals.16)
    [Anonymous Symbol]                       0x20000114   Section        0  ps2.o(.bss..L_MergedGlobals.16)
    STACK                                    0x200004f0   Section     1024  startup_stm32f103xe.o(STACK)

    Global Symbols

    Symbol Name                              Value     Ov Type        Size  Object(Section)

    BuildAttributes$$THM_ISAv4$P$D$K$B$S$PE$A:L22UL41UL21$X:L11$S22US41US21$IEEE1$IW$~IW$USESV6$~STKCKD$USESV7$~SHL$OTIME$ROPI$IEEEX$EBA8$MICROLIB$REQ8$PRES8$EABIv2 0x00000000   Number         0  anon$$obj.o ABSOLUTE
    _printf_a                                0x00000000   Number         0  printfstubs.o ABSOLUTE
    _printf_c                                0x00000000   Number         0  printfstubs.o ABSOLUTE
    _printf_charcount                        0x00000000   Number         0  printfstubs.o ABSOLUTE
    _printf_d                                0x00000000   Number         0  printfstubs.o ABSOLUTE
    _printf_e                                0x00000000   Number         0  printfstubs.o ABSOLUTE
    _printf_f                                0x00000000   Number         0  printfstubs.o ABSOLUTE
    _printf_flags                            0x00000000   Number         0  printfstubs.o ABSOLUTE
    _printf_fp_dec                           0x00000000   Number         0  printfstubs.o ABSOLUTE
    _printf_fp_hex                           0x00000000   Number         0  printfstubs.o ABSOLUTE
    _printf_g                                0x00000000   Number         0  printfstubs.o ABSOLUTE
    _printf_i                                0x00000000   Number         0  printfstubs.o ABSOLUTE
    _printf_int_dec                          0x00000000   Number         0  printfstubs.o ABSOLUTE
    _printf_l                                0x00000000   Number         0  printfstubs.o ABSOLUTE
    _printf_lc                               0x00000000   Number         0  printfstubs.o ABSOLUTE
    _printf_ll                               0x00000000   Number         0  printfstubs.o ABSOLUTE
    _printf_lld                              0x00000000   Number         0  printfstubs.o ABSOLUTE
    _printf_lli                              0x00000000   Number         0  printfstubs.o ABSOLUTE
    _printf_llo                              0x00000000   Number         0  printfstubs.o ABSOLUTE
    _printf_llu                              0x00000000   Number         0  printfstubs.o ABSOLUTE
    _printf_llx                              0x00000000   Number         0  printfstubs.o ABSOLUTE
    _printf_longlong_dec                     0x00000000   Number         0  printfstubs.o ABSOLUTE
    _printf_longlong_hex                     0x00000000   Number         0  printfstubs.o ABSOLUTE
    _printf_longlong_oct                     0x00000000   Number         0  printfstubs.o ABSOLUTE
    _printf_ls                               0x00000000   Number         0  printfstubs.o ABSOLUTE
    _printf_mbtowc                           0x00000000   Number         0  printfstubs.o ABSOLUTE
    _printf_n                                0x00000000   Number         0  printfstubs.o ABSOLUTE
    _printf_o                                0x00000000   Number         0  printfstubs.o ABSOLUTE
    _printf_p                                0x00000000   Number         0  printfstubs.o ABSOLUTE
    _printf_percent                          0x00000000   Number         0  printfstubs.o ABSOLUTE
    _printf_pre_padding                      0x00000000   Number         0  printfstubs.o ABSOLUTE
    _printf_return_value                     0x00000000   Number         0  printfstubs.o ABSOLUTE
    _printf_s                                0x00000000   Number         0  printfstubs.o ABSOLUTE
    _printf_sizespec                         0x00000000   Number         0  printfstubs.o ABSOLUTE
    _printf_str                              0x00000000   Number         0  printfstubs.o ABSOLUTE
    _printf_truncate_signed                  0x00000000   Number         0  printfstubs.o ABSOLUTE
    _printf_truncate_unsigned                0x00000000   Number         0  printfstubs.o ABSOLUTE
    _printf_u                                0x00000000   Number         0  printfstubs.o ABSOLUTE
    _printf_wc                               0x00000000   Number         0  printfstubs.o ABSOLUTE
    _printf_wctomb                           0x00000000   Number         0  printfstubs.o ABSOLUTE
    _printf_widthprec                        0x00000000   Number         0  printfstubs.o ABSOLUTE
    _printf_x                                0x00000000   Number         0  printfstubs.o ABSOLUTE
    __cpp_initialize__aeabi_                  - Undefined Weak Reference
    __cxa_finalize                            - Undefined Weak Reference
    __decompress                              - Undefined Weak Reference
    _clock_init                               - Undefined Weak Reference
    _microlib_exit                            - Undefined Weak Reference
    _scanf_longlong                           - Undefined Weak Reference
    _scanf_real                               - Undefined Weak Reference
    _scanf_string                             - Undefined Weak Reference
    __Vectors_Size                           0x00000130   Number         0  startup_stm32f103xe.o ABSOLUTE
    __Vectors                                0x08000000   Data           4  startup_stm32f103xe.o(RESET)
    __Vectors_End                            0x08000130   Data           0  startup_stm32f103xe.o(RESET)
    __main                                   0x08000131   Thumb Code     0  entry.o(.ARM.Collect$$$$00000000)
    _main_stk                                0x08000131   Thumb Code     0  entry2.o(.ARM.Collect$$$$00000001)
    _main_scatterload                        0x08000135   Thumb Code     0  entry5.o(.ARM.Collect$$$$00000004)
    __main_after_scatterload                 0x08000139   Thumb Code     0  entry5.o(.ARM.Collect$$$$00000004)
    _main_clock                              0x08000139   Thumb Code     0  entry7b.o(.ARM.Collect$$$$00000008)
    _main_cpp_init                           0x08000139   Thumb Code     0  entry8b.o(.ARM.Collect$$$$0000000A)
    _main_init                               0x08000139   Thumb Code     0  entry9a.o(.ARM.Collect$$$$0000000B)
    __rt_final_cpp                           0x08000141   Thumb Code     0  entry10a.o(.ARM.Collect$$$$0000000D)
    __rt_final_exit                          0x08000141   Thumb Code     0  entry11a.o(.ARM.Collect$$$$0000000F)
    Reset_Handler                            0x08000145   Thumb Code     8  startup_stm32f103xe.o(.text)
    ADC1_2_IRQHandler                        0x0800015f   Thumb Code     0  startup_stm32f103xe.o(.text)
    ADC3_IRQHandler                          0x0800015f   Thumb Code     0  startup_stm32f103xe.o(.text)
    CAN1_RX1_IRQHandler                      0x0800015f   Thumb Code     0  startup_stm32f103xe.o(.text)
    CAN1_SCE_IRQHandler                      0x0800015f   Thumb Code     0  startup_stm32f103xe.o(.text)
    DMA1_Channel1_IRQHandler                 0x0800015f   Thumb Code     0  startup_stm32f103xe.o(.text)
    DMA1_Channel2_IRQHandler                 0x0800015f   Thumb Code     0  startup_stm32f103xe.o(.text)
    DMA1_Channel3_IRQHandler                 0x0800015f   Thumb Code     0  startup_stm32f103xe.o(.text)
    DMA1_Channel4_IRQHandler                 0x0800015f   Thumb Code     0  startup_stm32f103xe.o(.text)
    DMA1_Channel5_IRQHandler                 0x0800015f   Thumb Code     0  startup_stm32f103xe.o(.text)
    DMA1_Channel6_IRQHandler                 0x0800015f   Thumb Code     0  startup_stm32f103xe.o(.text)
    DMA1_Channel7_IRQHandler                 0x0800015f   Thumb Code     0  startup_stm32f103xe.o(.text)
    DMA2_Channel1_IRQHandler                 0x0800015f   Thumb Code     0  startup_stm32f103xe.o(.text)
    DMA2_Channel2_IRQHandler                 0x0800015f   Thumb Code     0  startup_stm32f103xe.o(.text)
    DMA2_Channel3_IRQHandler                 0x0800015f   Thumb Code     0  startup_stm32f103xe.o(.text)
    DMA2_Channel4_5_IRQHandler               0x0800015f   Thumb Code     0  startup_stm32f103xe.o(.text)
    EXTI15_10_IRQHandler                     0x0800015f   Thumb Code     0  startup_stm32f103xe.o(.text)
    EXTI4_IRQHandler                         0x0800015f   Thumb Code     0  startup_stm32f103xe.o(.text)
    EXTI9_5_IRQHandler                       0x0800015f   Thumb Code     0  startup_stm32f103xe.o(.text)
    FLASH_IRQHandler                         0x0800015f   Thumb Code     0  startup_stm32f103xe.o(.text)
    FSMC_IRQHandler                          0x0800015f   Thumb Code     0  startup_stm32f103xe.o(.text)
    I2C1_ER_IRQHandler                       0x0800015f   Thumb Code     0  startup_stm32f103xe.o(.text)
    I2C1_EV_IRQHandler                       0x0800015f   Thumb Code     0  startup_stm32f103xe.o(.text)
    I2C2_ER_IRQHandler                       0x0800015f   Thumb Code     0  startup_stm32f103xe.o(.text)
    I2C2_EV_IRQHandler                       0x0800015f   Thumb Code     0  startup_stm32f103xe.o(.text)
    PVD_IRQHandler                           0x0800015f   Thumb Code     0  startup_stm32f103xe.o(.text)
    RCC_IRQHandler                           0x0800015f   Thumb Code     0  startup_stm32f103xe.o(.text)
    RTC_Alarm_IRQHandler                     0x0800015f   Thumb Code     0  startup_stm32f103xe.o(.text)
    RTC_IRQHandler                           0x0800015f   Thumb Code     0  startup_stm32f103xe.o(.text)
    SDIO_IRQHandler                          0x0800015f   Thumb Code     0  startup_stm32f103xe.o(.text)
    SPI1_IRQHandler                          0x0800015f   Thumb Code     0  startup_stm32f103xe.o(.text)
    SPI2_IRQHandler                          0x0800015f   Thumb Code     0  startup_stm32f103xe.o(.text)
    SPI3_IRQHandler                          0x0800015f   Thumb Code     0  startup_stm32f103xe.o(.text)
    TAMPER_IRQHandler                        0x0800015f   Thumb Code     0  startup_stm32f103xe.o(.text)
    TIM1_BRK_IRQHandler                      0x0800015f   Thumb Code     0  startup_stm32f103xe.o(.text)
    TIM1_CC_IRQHandler                       0x0800015f   Thumb Code     0  startup_stm32f103xe.o(.text)
    TIM5_IRQHandler                          0x0800015f   Thumb Code     0  startup_stm32f103xe.o(.text)
    TIM6_IRQHandler                          0x0800015f   Thumb Code     0  startup_stm32f103xe.o(.text)
    TIM7_IRQHandler                          0x0800015f   Thumb Code     0  startup_stm32f103xe.o(.text)
    TIM8_BRK_IRQHandler                      0x0800015f   Thumb Code     0  startup_stm32f103xe.o(.text)
    TIM8_CC_IRQHandler                       0x0800015f   Thumb Code     0  startup_stm32f103xe.o(.text)
    UART4_IRQHandler                         0x0800015f   Thumb Code     0  startup_stm32f103xe.o(.text)
    UART5_IRQHandler                         0x0800015f   Thumb Code     0  startup_stm32f103xe.o(.text)
    USART2_IRQHandler                        0x0800015f   Thumb Code     0  startup_stm32f103xe.o(.text)
    USART3_IRQHandler                        0x0800015f   Thumb Code     0  startup_stm32f103xe.o(.text)
    USBWakeUp_IRQHandler                     0x0800015f   Thumb Code     0  startup_stm32f103xe.o(.text)
    USB_HP_CAN1_TX_IRQHandler                0x0800015f   Thumb Code     0  startup_stm32f103xe.o(.text)
    USB_LP_CAN1_RX0_IRQHandler               0x0800015f   Thumb Code     0  startup_stm32f103xe.o(.text)
    WWDG_IRQHandler                          0x0800015f   Thumb Code     0  startup_stm32f103xe.o(.text)
    _scanf_int                               0x08000169   Thumb Code   332  _scanf_int.o(.text)
    __aeabi_fadd                             0x080002b5   Thumb Code   164  fadd.o(.text)
    __aeabi_fsub                             0x08000359   Thumb Code     6  fadd.o(.text)
    __aeabi_frsub                            0x0800035f   Thumb Code     6  fadd.o(.text)
    __aeabi_fmul                             0x08000365   Thumb Code   100  fmul.o(.text)
    __aeabi_fdiv                             0x080003c9   Thumb Code   124  fdiv.o(.text)
    __aeabi_dadd                             0x08000445   Thumb Code   322  dadd.o(.text)
    __aeabi_dsub                             0x08000587   Thumb Code     6  dadd.o(.text)
    __aeabi_drsub                            0x0800058d   Thumb Code     6  dadd.o(.text)
    __aeabi_dmul                             0x08000593   Thumb Code   228  dmul.o(.text)
    __aeabi_ddiv                             0x08000677   Thumb Code   222  ddiv.o(.text)
    __aeabi_fcmplt                           0x08000755   Thumb Code    28  fcmplt.o(.text)
    __aeabi_fcmpge                           0x08000771   Thumb Code    28  fcmpge.o(.text)
    __aeabi_fcmpgt                           0x0800078d   Thumb Code    28  fcmpgt.o(.text)
    __aeabi_i2f                              0x080007a9   Thumb Code    18  fflti.o(.text)
    __aeabi_i2d                              0x080007bb   Thumb Code    34  dflti.o(.text)
    __aeabi_ui2d                             0x080007dd   Thumb Code    26  dfltui.o(.text)
    __aeabi_f2iz                             0x080007f7   Thumb Code    50  ffixi.o(.text)
    __aeabi_d2iz                             0x08000829   Thumb Code    62  dfixi.o(.text)
    __aeabi_d2uiz                            0x08000867   Thumb Code    50  dfixui.o(.text)
    __aeabi_f2d                              0x08000899   Thumb Code    38  f2d.o(.text)
    __aeabi_d2f                              0x080008bf   Thumb Code    56  d2f.o(.text)
    __aeabi_uidiv                            0x080008f7   Thumb Code     0  uidiv.o(.text)
    __aeabi_uidivmod                         0x080008f7   Thumb Code    44  uidiv.o(.text)
    __aeabi_uldivmod                         0x08000923   Thumb Code    98  uldiv.o(.text)
    __aeabi_llsl                             0x08000985   Thumb Code    30  llshl.o(.text)
    _ll_shift_l                              0x08000985   Thumb Code     0  llshl.o(.text)
    __aeabi_llsr                             0x080009a3   Thumb Code    32  llushr.o(.text)
    _ll_ushift_r                             0x080009a3   Thumb Code     0  llushr.o(.text)
    __aeabi_lasr                             0x080009c3   Thumb Code    36  llsshr.o(.text)
    _ll_sshift_r                             0x080009c3   Thumb Code     0  llsshr.o(.text)
    _chval                                   0x080009e7   Thumb Code    28  _chval.o(.text)
    __I$use$fp                               0x08000a03   Thumb Code     0  iusefp.o(.text)
    _float_round                             0x08000a03   Thumb Code    18  fepilogue.o(.text)
    _float_epilogue                          0x08000a15   Thumb Code    92  fepilogue.o(.text)
    _double_round                            0x08000a71   Thumb Code    30  depilogue.o(.text)
    _double_epilogue                         0x08000a8f   Thumb Code   156  depilogue.o(.text)
    __ARM_scalbn                             0x08000b2b   Thumb Code    46  dscalb.o(.text)
    scalbn                                   0x08000b2b   Thumb Code     0  dscalb.o(.text)
    _dsqrt                                   0x08000b59   Thumb Code   162  dsqrt.o(.text)
    __aeabi_d2ulz                            0x08000bfb   Thumb Code    48  dfixul.o(.text)
    __aeabi_cdrcmple                         0x08000c2d   Thumb Code    48  cdrcmple.o(.text)
    __scatterload                            0x08000c5d   Thumb Code    38  init.o(.text)
    __scatterload_rt2                        0x08000c5d   Thumb Code     0  init.o(.text)
    BusFault_Handler                         0x08000c8d   Thumb Code     2  stm32f1xx_it.o(.text.BusFault_Handler)
    DebugMon_Handler                         0x08000c91   Thumb Code     2  stm32f1xx_it.o(.text.DebugMon_Handler)
    EXTI0_IRQHandler                         0x08000c95   Thumb Code     6  exit.o(.text.EXTI0_IRQHandler)
    EXTI1_IRQHandler                         0x08000c9d   Thumb Code     6  exit.o(.text.EXTI1_IRQHandler)
    EXTI2_IRQHandler                         0x08000ca5   Thumb Code     6  exit.o(.text.EXTI2_IRQHandler)
    EXTI3_IRQHandler                         0x08000cad   Thumb Code     6  exit.o(.text.EXTI3_IRQHandler)
    Error_Handler                            0x08000cb5   Thumb Code    10  main.o(.text.Error_Handler)
    GetData                                  0x08000cc1   Thumb Code   284  ps2.o(.text.GetData)
    HAL_DMA_Abort                            0x08000ddd   Thumb Code    70  stm32f1xx_hal_dma.o(.text.HAL_DMA_Abort)
    HAL_DMA_Abort_IT                         0x08000e25   Thumb Code   304  stm32f1xx_hal_dma.o(.text.HAL_DMA_Abort_IT)
    HAL_Delay                                0x08000f55   Thumb Code    40  stm32f1xx_hal.o(.text.HAL_Delay)
    HAL_GPIO_EXTI_Callback                   0x08000f7d   Thumb Code   152  main.o(.text.HAL_GPIO_EXTI_Callback)
    HAL_GPIO_EXTI_IRQHandler                 0x08001025   Thumb Code    22  stm32f1xx_hal_gpio.o(.text.HAL_GPIO_EXTI_IRQHandler)
    HAL_GPIO_Init                            0x0800103d   Thumb Code   486  stm32f1xx_hal_gpio.o(.text.HAL_GPIO_Init)
    HAL_GPIO_ReadPin                         0x08001225   Thumb Code    10  stm32f1xx_hal_gpio.o(.text.HAL_GPIO_ReadPin)
    HAL_GPIO_WritePin                        0x08001231   Thumb Code    10  stm32f1xx_hal_gpio.o(.text.HAL_GPIO_WritePin)
    HAL_GetTick                              0x0800123d   Thumb Code    12  stm32f1xx_hal.o(.text.HAL_GetTick)
    HAL_I2C_Init                             0x08001249   Thumb Code   356  stm32f1xx_hal_i2c.o(.text.HAL_I2C_Init)
    HAL_I2C_Master_Receive                   0x080013ad   Thumb Code  1024  stm32f1xx_hal_i2c.o(.text.HAL_I2C_Master_Receive)
    HAL_I2C_Master_Transmit                  0x080017ad   Thumb Code   476  stm32f1xx_hal_i2c.o(.text.HAL_I2C_Master_Transmit)
    HAL_I2C_MspInit                          0x08001989   Thumb Code   208  i2c.o(.text.HAL_I2C_MspInit)
    HAL_IncTick                              0x08001a59   Thumb Code    26  stm32f1xx_hal.o(.text.HAL_IncTick)
    HAL_Init                                 0x08001a75   Thumb Code    38  stm32f1xx_hal.o(.text.HAL_Init)
    HAL_InitTick                             0x08001a9d   Thumb Code    72  stm32f1xx_hal.o(.text.HAL_InitTick)
    HAL_MspInit                              0x08001ae5   Thumb Code    66  stm32f1xx_hal_msp.o(.text.HAL_MspInit)
    HAL_NVIC_EnableIRQ                       0x08001b29   Thumb Code    34  stm32f1xx_hal_cortex.o(.text.HAL_NVIC_EnableIRQ)
    HAL_NVIC_SetPriority                     0x08001b4d   Thumb Code    86  stm32f1xx_hal_cortex.o(.text.HAL_NVIC_SetPriority)
    HAL_NVIC_SetPriorityGrouping             0x08001ba5   Thumb Code    32  stm32f1xx_hal_cortex.o(.text.HAL_NVIC_SetPriorityGrouping)
    HAL_RCC_ClockConfig                      0x08001bc5   Thumb Code   442  stm32f1xx_hal_rcc.o(.text.HAL_RCC_ClockConfig)
    HAL_RCC_GetPCLK1Freq                     0x08001d81   Thumb Code    38  stm32f1xx_hal_rcc.o(.text.HAL_RCC_GetPCLK1Freq)
    HAL_RCC_GetPCLK2Freq                     0x08001da9   Thumb Code    38  stm32f1xx_hal_rcc.o(.text.HAL_RCC_GetPCLK2Freq)
    HAL_RCC_OscConfig                        0x08001dd1   Thumb Code  1024  stm32f1xx_hal_rcc.o(.text.HAL_RCC_OscConfig)
    HAL_SPI_Init                             0x080021d1   Thumb Code   168  stm32f1xx_hal_spi.o(.text.HAL_SPI_Init)
    HAL_SPI_MspInit                          0x08002279   Thumb Code   122  spi.o(.text.HAL_SPI_MspInit)
    HAL_SPI_TransmitReceive                  0x080022f5   Thumb Code   724  stm32f1xx_hal_spi.o(.text.HAL_SPI_TransmitReceive)
    HAL_SYSTICK_Config                       0x080025c9   Thumb Code    44  stm32f1xx_hal_cortex.o(.text.HAL_SYSTICK_Config)
    HAL_TIMEx_BreakCallback                  0x080025f5   Thumb Code     2  stm32f1xx_hal_tim_ex.o(.text.HAL_TIMEx_BreakCallback)
    HAL_TIMEx_CommutCallback                 0x080025f9   Thumb Code     2  stm32f1xx_hal_tim_ex.o(.text.HAL_TIMEx_CommutCallback)
    HAL_TIMEx_ConfigBreakDeadTime            0x080025fd   Thumb Code    76  stm32f1xx_hal_tim_ex.o(.text.HAL_TIMEx_ConfigBreakDeadTime)
    HAL_TIMEx_MasterConfigSynchronization    0x08002649   Thumb Code   150  stm32f1xx_hal_tim_ex.o(.text.HAL_TIMEx_MasterConfigSynchronization)
    HAL_TIM_Base_Init                        0x080026e1   Thumb Code   286  stm32f1xx_hal_tim.o(.text.HAL_TIM_Base_Init)
    HAL_TIM_Base_MspInit                     0x08002801   Thumb Code   190  tim.o(.text.HAL_TIM_Base_MspInit)
    HAL_TIM_Base_Start_IT                    0x080028c1   Thumb Code   134  stm32f1xx_hal_tim.o(.text.HAL_TIM_Base_Start_IT)
    HAL_TIM_Base_Stop                        0x08002949   Thumb Code    52  stm32f1xx_hal_tim.o(.text.HAL_TIM_Base_Stop)
    HAL_TIM_ConfigClockSource                0x0800297d   Thumb Code   416  stm32f1xx_hal_tim.o(.text.HAL_TIM_ConfigClockSource)
    HAL_TIM_Encoder_Init                     0x08002b1d   Thumb Code   384  stm32f1xx_hal_tim.o(.text.HAL_TIM_Encoder_Init)
    HAL_TIM_Encoder_MspInit                  0x08002c9d   Thumb Code   192  tim.o(.text.HAL_TIM_Encoder_MspInit)
    HAL_TIM_Encoder_Start                    0x08002d5d   Thumb Code   188  stm32f1xx_hal_tim.o(.text.HAL_TIM_Encoder_Start)
    HAL_TIM_IC_CaptureCallback               0x08002e19   Thumb Code     2  stm32f1xx_hal_tim.o(.text.HAL_TIM_IC_CaptureCallback)
    HAL_TIM_IRQHandler                       0x08002e1d   Thumb Code   368  stm32f1xx_hal_tim.o(.text.HAL_TIM_IRQHandler)
    HAL_TIM_OC_DelayElapsedCallback          0x08002f8d   Thumb Code     2  stm32f1xx_hal_tim.o(.text.HAL_TIM_OC_DelayElapsedCallback)
    HAL_TIM_PWM_ConfigChannel                0x08002f91   Thumb Code   604  stm32f1xx_hal_tim.o(.text.HAL_TIM_PWM_ConfigChannel)
    HAL_TIM_PWM_Init                         0x080031ed   Thumb Code   286  stm32f1xx_hal_tim.o(.text.HAL_TIM_PWM_Init)
    HAL_TIM_PWM_MspInit                      0x0800330d   Thumb Code     2  stm32f1xx_hal_tim.o(.text.HAL_TIM_PWM_MspInit)
    HAL_TIM_PWM_PulseFinishedCallback        0x08003311   Thumb Code     2  stm32f1xx_hal_tim.o(.text.HAL_TIM_PWM_PulseFinishedCallback)
    HAL_TIM_PWM_Start                        0x08003315   Thumb Code   222  stm32f1xx_hal_tim.o(.text.HAL_TIM_PWM_Start)
    HAL_TIM_PeriodElapsedCallback            0x080033f5   Thumb Code   132  gpio.o(.text.HAL_TIM_PeriodElapsedCallback)
    HAL_TIM_TriggerCallback                  0x08003481   Thumb Code     2  stm32f1xx_hal_tim.o(.text.HAL_TIM_TriggerCallback)
    HAL_UART1_RxCpltCallback                 0x08003485   Thumb Code   212  usart1.o(.text.HAL_UART1_RxCpltCallback)
    HAL_UARTEx_RxEventCallback               0x0800355d   Thumb Code     2  stm32f1xx_hal_uart.o(.text.HAL_UARTEx_RxEventCallback)
    HAL_UART_ErrorCallback                   0x08003561   Thumb Code     2  stm32f1xx_hal_uart.o(.text.HAL_UART_ErrorCallback)
    HAL_UART_IRQHandler                      0x08003565   Thumb Code  1392  stm32f1xx_hal_uart.o(.text.HAL_UART_IRQHandler)
    HAL_UART_Init                            0x08003ad5   Thumb Code   226  stm32f1xx_hal_uart.o(.text.HAL_UART_Init)
    HAL_UART_MspInit                         0x08003bb9   Thumb Code   500  usart.o(.text.HAL_UART_MspInit)
    HAL_UART_Receive_IT                      0x08003dad   Thumb Code    84  stm32f1xx_hal_uart.o(.text.HAL_UART_Receive_IT)
    HAL_UART_RxCpltCallback                  0x08003e01   Thumb Code    28  usart.o(.text.HAL_UART_RxCpltCallback)
    HAL_UART_Transmit                        0x08003e1d   Thumb Code   626  stm32f1xx_hal_uart.o(.text.HAL_UART_Transmit)
    HAL_UART_TxCpltCallback                  0x08004091   Thumb Code     2  stm32f1xx_hal_uart.o(.text.HAL_UART_TxCpltCallback)
    HardFault_Handler                        0x08004095   Thumb Code     2  stm32f1xx_it.o(.text.HardFault_Handler)
    MX_GPIO_Init                             0x08004545   Thumb Code   212  gpio.o(.text.MX_GPIO_Init)
    MX_I2C1_Init                             0x08004619   Thumb Code    66  i2c.o(.text.MX_I2C1_Init)
    MX_I2C2_Init                             0x0800465d   Thumb Code    66  i2c.o(.text.MX_I2C2_Init)
    MX_SPI1_Init                             0x080046a1   Thumb Code    78  spi.o(.text.MX_SPI1_Init)
    MX_TIM1_Init                             0x080046f1   Thumb Code   118  tim.o(.text.MX_TIM1_Init)
    MX_TIM2_Init                             0x08004769   Thumb Code    98  tim.o(.text.MX_TIM2_Init)
    MX_TIM3_Init                             0x080047cd   Thumb Code   436  tim.o(.text.MX_TIM3_Init)
    MX_TIM4_Init                             0x08004981   Thumb Code   102  tim.o(.text.MX_TIM4_Init)
    MX_TIM8_Init                             0x080049e9   Thumb Code   472  tim.o(.text.MX_TIM8_Init)
    MX_UART4_Init                            0x08004bc1   Thumb Code    60  usart.o(.text.MX_UART4_Init)
    MX_UART5_Init                            0x08004bfd   Thumb Code    60  usart.o(.text.MX_UART5_Init)
    MX_USART1_UART_Init                      0x08004c39   Thumb Code    60  usart.o(.text.MX_USART1_UART_Init)
    MX_USART2_UART_Init                      0x08004c75   Thumb Code    60  usart.o(.text.MX_USART2_UART_Init)
    MemManage_Handler                        0x08004cb1   Thumb Code     2  stm32f1xx_it.o(.text.MemManage_Handler)
    NMI_Handler                              0x08004cb5   Thumb Code     2  stm32f1xx_it.o(.text.NMI_Handler)
    OLED_Clear                               0x08004cb9   Thumb Code   160  oled.o(.text.OLED_Clear)
    OLED_I2C_SendByte                        0x08004d59   Thumb Code   356  oled.o(.text.OLED_I2C_SendByte)
    OLED_Init                                0x08004ebd   Thumb Code   234  oled.o(.text.OLED_Init)
    OLED_ShowChar                            0x08004fa9   Thumb Code   216  oled.o(.text.OLED_ShowChar)
    OLED_ShowNum                             0x08005081   Thumb Code   184  oled.o(.text.OLED_ShowNum)
    OLED_ShowSignedNum                       0x08005139   Thumb Code   210  oled.o(.text.OLED_ShowSignedNum)
    OLED_ShowString                          0x0800520d   Thumb Code    42  oled.o(.text.OLED_ShowString)
    OLED_WriteCommand                        0x08005239   Thumb Code   118  oled.o(.text.OLED_WriteCommand)
    OLED_WriteData                           0x080052b1   Thumb Code   118  oled.o(.text.OLED_WriteData)
    PCA_MG9XX                                0x08005329   Thumb Code   194  pca9685.o(.text.PCA_MG9XX)
    PCA_MG9XX_Init                           0x080053ed   Thumb Code  1650  pca9685.o(.text.PCA_MG9XX_Init)
    PID_Param_Init                           0x08005a61   Thumb Code    30  pid.o(.text.PID_Param_Init)
    PS2Data                                  0x08005a81   Thumb Code   344  ps2.o(.text.PS2Data)
    PS2Servo                                 0x08005c31   Thumb Code   218  servo.o(.text.PS2Servo)
    PS2_Get                                  0x08005d0d   Thumb Code   970  ps2.o(.text.PS2_Get)
    PWM8_SetCH1                              0x080060d9   Thumb Code    30  pwm_motor.o(.text.PWM8_SetCH1)
    PWM8_SetCH2                              0x080060f9   Thumb Code    30  pwm_motor.o(.text.PWM8_SetCH2)
    PendSV_Handler                           0x08006119   Thumb Code     2  stm32f1xx_it.o(.text.PendSV_Handler)
    Read_SPEEDA                              0x0800611d   Thumb Code   116  encoder.o(.text.Read_SPEEDA)
    Read_SPEEDB                              0x08006191   Thumb Code   100  encoder.o(.text.Read_SPEEDB)
    SVC_Handler                              0x080062d9   Thumb Code     2  stm32f1xx_it.o(.text.SVC_Handler)
    SysTick_Handler                          0x080062dd   Thumb Code     4  stm32f1xx_it.o(.text.SysTick_Handler)
    SystemInit                               0x080062e1   Thumb Code     2  system_stm32f1xx.o(.text.SystemInit)
    TIM1_TRG_COM_IRQHandler                  0x080062e5   Thumb Code    12  stm32f1xx_it.o(.text.TIM1_TRG_COM_IRQHandler)
    TIM1_UP_IRQHandler                       0x080062f1   Thumb Code    12  stm32f1xx_it.o(.text.TIM1_UP_IRQHandler)
    TIM2_IRQHandler                          0x080062fd   Thumb Code    12  stm32f1xx_it.o(.text.TIM2_IRQHandler)
    TIM3_IRQHandler                          0x08006309   Thumb Code    12  stm32f1xx_it.o(.text.TIM3_IRQHandler)
    TIM4_IRQHandler                          0x08006315   Thumb Code    12  stm32f1xx_it.o(.text.TIM4_IRQHandler)
    TIM8_TRG_COM_IRQHandler                  0x08006321   Thumb Code    12  stm32f1xx_it.o(.text.TIM8_TRG_COM_IRQHandler)
    TIM8_UP_IRQHandler                       0x0800632d   Thumb Code    12  stm32f1xx_it.o(.text.TIM8_UP_IRQHandler)
    USART1_IRQHandler                        0x08006445   Thumb Code    12  stm32f1xx_it.o(.text.USART1_IRQHandler)
    UsageFault_Handler                       0x08006451   Thumb Code     2  stm32f1xx_it.o(.text.UsageFault_Handler)
    VelocityRing_MOTORA_Control              0x08006455   Thumb Code   192  pid.o(.text.VelocityRing_MOTORA_Control)
    VelocityRing_MOTORB_Control              0x08006515   Thumb Code   152  pid.o(.text.VelocityRing_MOTORB_Control)
    alg_Yolo                                 0x080065ad   Thumb Code   118  em_alg.o(.text.alg_Yolo)
    alg_move_run                             0x08006625   Thumb Code   130  em_alg.o(.text.alg_move_run)
    alg_set_move_action                      0x080066a9   Thumb Code    52  em_alg.o(.text.alg_set_move_action)
    fputc                                    0x080066dd   Thumb Code    32  usart.o(.text.fputc)
    inverse_operation                        0x080066fd   Thumb Code   868  em_alg.o(.text.inverse_operation)
    main                                     0x08006a79   Thumb Code   500  main.o(.text.main)
    motor_speed                              0x08006c91   Thumb Code   194  motor.o(.text.motor_speed)
    pca_setfreq                              0x08006d55   Thumb Code   262  pca9685.o(.text.pca_setfreq)
    step_run                                 0x08006e5d   Thumb Code   216  motor.o(.text.step_run)
    stop                                     0x08006f35   Thumb Code    18  motor.o(.text.stop)
    usart1_Init                              0x08006f49   Thumb Code    30  usart1.o(.text.usart1_Init)
    __0printf                                0x08006f69   Thumb Code    22  printfa.o(i.__0printf)
    __1printf                                0x08006f69   Thumb Code     0  printfa.o(i.__0printf)
    __2printf                                0x08006f69   Thumb Code     0  printfa.o(i.__0printf)
    __c89printf                              0x08006f69   Thumb Code     0  printfa.o(i.__0printf)
    printf                                   0x08006f69   Thumb Code     0  printfa.o(i.__0printf)
    __ARM_fpclassify                         0x08006f89   Thumb Code    40  fpclassify.o(i.__ARM_fpclassify)
    __kernel_poly                            0x08006fb1   Thumb Code   170  poly.o(i.__kernel_poly)
    __mathlib_dbl_infnan                     0x0800705b   Thumb Code     6  dunder.o(i.__mathlib_dbl_infnan)
    __mathlib_dbl_invalid                    0x08007061   Thumb Code    12  dunder.o(i.__mathlib_dbl_invalid)
    __mathlib_dbl_underflow                  0x0800706d   Thumb Code    10  dunder.o(i.__mathlib_dbl_underflow)
    __scatterload_copy                       0x0800707d   Thumb Code    14  handlers.o(i.__scatterload_copy)
    __scatterload_null                       0x0800708b   Thumb Code     2  handlers.o(i.__scatterload_null)
    __scatterload_zeroinit                   0x0800708d   Thumb Code    14  handlers.o(i.__scatterload_zeroinit)
    __set_errno                              0x0800709d   Thumb Code     6  errno.o(i.__set_errno)
    acos                                     0x0800795d   Thumb Code   574  acos.o(i.acos)
    atan                                     0x08007bd9   Thumb Code   474  atan.o(i.atan)
    floor                                    0x08007df9   Thumb Code   204  floor.o(i.floor)
    putchar                                  0x08007ed5   Thumb Code     6  putchar.o(i.putchar)
    puts                                     0x08007ee1   Thumb Code    30  puts.o(i.puts)
    sqrt                                     0x08007f05   Thumb Code    76  sqrt.o(i.sqrt)
    AHBPrescTable                            0x08008038   Data          16  system_stm32f1xx.o(.rodata.AHBPrescTable)
    APBPrescTable                            0x08008048   Data           8  system_stm32f1xx.o(.rodata.APBPrescTable)
    OLED_F8x16                               0x08008052   Data        1520  oled.o(.rodata.OLED_F8x16)
    Region$$Table$$Base                      0x080086e0   Number         0  anon$$obj.o(Region$$Table)
    Region$$Table$$Limit                     0x08008700   Number         0  anon$$obj.o(Region$$Table)
    __stdout                                 0x20000000   Data           4  stdout.o(.data)
    uwTickFreq                               0x20000008   Data           1  stm32f1xx_hal.o(.data..L_MergedGlobals)
    uwTickPrio                               0x2000000c   Data           4  stm32f1xx_hal.o(.data..L_MergedGlobals)
    mode                                     0x20000010   Data           1  ps2.o(.data..L_MergedGlobals)
    XY                                       0x20000012   Data           8  ps2.o(.data..L_MergedGlobals)
    SystemCoreClock                          0x2000001c   Data           4  system_stm32f1xx.o(.data.SystemCoreClock)
    cmd                                      0x20000020   Data           3  ps2.o(.data.cmd)
    i2                                       0x20000028   Data           1  gpio.o(.bss..L_MergedGlobals)
    speed                                    0x2000002c   Data           8  gpio.o(.bss..L_MergedGlobals)
    rx_index                                 0x20000038   Data           2  usart1.o(.bss..L_MergedGlobals)
    rx_buffer                                0x2000003d   Data         100  usart1.o(.bss..L_MergedGlobals)
    Angle_A                                  0x200000a4   Data           4  servo.o(.bss..L_MergedGlobals)
    Angle_B                                  0x200000a8   Data           4  servo.o(.bss..L_MergedGlobals)
    Angle_C                                  0x200000ac   Data           4  servo.o(.bss..L_MergedGlobals)
    current_accel                            0x200000b0   Data           4  motor.o(.bss..L_MergedGlobals)
    current_direc                            0x200000b4   Data           4  motor.o(.bss..L_MergedGlobals)
    speed_step                               0x200000b8   Data           4  motor.o(.bss..L_MergedGlobals)
    PID                                      0x200000cc   Data          48  pid.o(.bss..L_MergedGlobals)
    angleA                                   0x200000fc   Data           4  em_alg.o(.bss..L_MergedGlobals)
    angleB                                   0x20000100   Data           4  em_alg.o(.bss..L_MergedGlobals)
    angleC                                   0x20000104   Data           4  em_alg.o(.bss..L_MergedGlobals)
    moveX                                    0x20000108   Data           4  em_alg.o(.bss..L_MergedGlobals)
    moveY                                    0x2000010c   Data           4  em_alg.o(.bss..L_MergedGlobals)
    moveZ                                    0x20000110   Data           4  em_alg.o(.bss..L_MergedGlobals)
    i                                        0x20000114   Data           1  ps2.o(.bss..L_MergedGlobals.16)
    i1                                       0x20000115   Data           1  ps2.o(.bss..L_MergedGlobals.16)
    PS2data                                  0x20000116   Data           9  ps2.o(.bss..L_MergedGlobals.16)
    All_But                                  0x2000011f   Data          16  ps2.o(.bss..L_MergedGlobals.16)
    COORD                                    0x20000130   Data          16  ps2.o(.bss..L_MergedGlobals.16)
    MODE                                     0x20000140   Data          20  ps2.o(.bss..L_MergedGlobals.16)
    KEY_t                                    0x20000154   Data          16  main.o(.bss.KEY_t)
    hi2c1                                    0x20000164   Data          84  i2c.o(.bss.hi2c1)
    hi2c2                                    0x200001b8   Data          84  i2c.o(.bss.hi2c2)
    hspi1                                    0x2000020c   Data          88  spi.o(.bss.hspi1)
    htim1                                    0x20000264   Data          72  tim.o(.bss.htim1)
    htim2                                    0x200002ac   Data          72  tim.o(.bss.htim2)
    htim3                                    0x200002f4   Data          72  tim.o(.bss.htim3)
    htim4                                    0x2000033c   Data          72  tim.o(.bss.htim4)
    htim8                                    0x20000384   Data          72  tim.o(.bss.htim8)
    huart1                                   0x200003cc   Data          72  usart.o(.bss.huart1)
    huart2                                   0x20000414   Data          72  usart.o(.bss.huart2)
    huart4                                   0x2000045c   Data          72  usart.o(.bss.huart4)
    huart5                                   0x200004a4   Data          72  usart.o(.bss.huart5)
    uwTick                                   0x200004ec   Data           4  stm32f1xx_hal.o(.bss.uwTick)
    __initial_sp                             0x200008f0   Data           0  startup_stm32f103xe.o(STACK)



==============================================================================

Memory Map of the image

  Image Entry point : 0x08000131

  Load Region LR_IROM1 (Base: 0x08000000, Size: 0x00008728, Max: 0x00040000, ABSOLUTE)

    Execution Region ER_IROM1 (Exec base: 0x08000000, Load base: 0x08000000, Size: 0x00008700, Max: 0x00040000, ABSOLUTE)

    Exec Addr    Load Addr    Size         Type   Attr      Idx    E Section Name        Object

    0x08000000   0x08000000   0x00000130   Data   RO            3    RESET               startup_stm32f103xe.o
    0x08000130   0x08000130   0x00000000   Code   RO         1540  * .ARM.Collect$$$$00000000  mc_w.l(entry.o)
    0x08000130   0x08000130   0x00000004   Code   RO         1870    .ARM.Collect$$$$00000001  mc_w.l(entry2.o)
    0x08000134   0x08000134   0x00000004   Code   RO         1873    .ARM.Collect$$$$00000004  mc_w.l(entry5.o)
    0x08000138   0x08000138   0x00000000   Code   RO         1875    .ARM.Collect$$$$00000008  mc_w.l(entry7b.o)
    0x08000138   0x08000138   0x00000000   Code   RO         1877    .ARM.Collect$$$$0000000A  mc_w.l(entry8b.o)
    0x08000138   0x08000138   0x00000008   Code   RO         1878    .ARM.Collect$$$$0000000B  mc_w.l(entry9a.o)
    0x08000140   0x08000140   0x00000000   Code   RO         1880    .ARM.Collect$$$$0000000D  mc_w.l(entry10a.o)
    0x08000140   0x08000140   0x00000000   Code   RO         1882    .ARM.Collect$$$$0000000F  mc_w.l(entry11a.o)
    0x08000140   0x08000140   0x00000004   Code   RO         1871    .ARM.Collect$$$$00002712  mc_w.l(entry2.o)
    0x08000144   0x08000144   0x00000024   Code   RO            4    .text               startup_stm32f103xe.o
    0x08000168   0x08000168   0x0000014c   Code   RO         1816    .text               mc_w.l(_scanf_int.o)
    0x080002b4   0x080002b4   0x000000b0   Code   RO         1818    .text               mf_w.l(fadd.o)
    0x08000364   0x08000364   0x00000064   Code   RO         1820    .text               mf_w.l(fmul.o)
    0x080003c8   0x080003c8   0x0000007c   Code   RO         1822    .text               mf_w.l(fdiv.o)
    0x08000444   0x08000444   0x0000014e   Code   RO         1824    .text               mf_w.l(dadd.o)
    0x08000592   0x08000592   0x000000e4   Code   RO         1826    .text               mf_w.l(dmul.o)
    0x08000676   0x08000676   0x000000de   Code   RO         1828    .text               mf_w.l(ddiv.o)
    0x08000754   0x08000754   0x0000001c   Code   RO         1830    .text               mf_w.l(fcmplt.o)
    0x08000770   0x08000770   0x0000001c   Code   RO         1832    .text               mf_w.l(fcmpge.o)
    0x0800078c   0x0800078c   0x0000001c   Code   RO         1834    .text               mf_w.l(fcmpgt.o)
    0x080007a8   0x080007a8   0x00000012   Code   RO         1836    .text               mf_w.l(fflti.o)
    0x080007ba   0x080007ba   0x00000022   Code   RO         1838    .text               mf_w.l(dflti.o)
    0x080007dc   0x080007dc   0x0000001a   Code   RO         1840    .text               mf_w.l(dfltui.o)
    0x080007f6   0x080007f6   0x00000032   Code   RO         1842    .text               mf_w.l(ffixi.o)
    0x08000828   0x08000828   0x0000003e   Code   RO         1844    .text               mf_w.l(dfixi.o)
    0x08000866   0x08000866   0x00000032   Code   RO         1846    .text               mf_w.l(dfixui.o)
    0x08000898   0x08000898   0x00000026   Code   RO         1848    .text               mf_w.l(f2d.o)
    0x080008be   0x080008be   0x00000038   Code   RO         1850    .text               mf_w.l(d2f.o)
    0x080008f6   0x080008f6   0x0000002c   Code   RO         1894    .text               mc_w.l(uidiv.o)
    0x08000922   0x08000922   0x00000062   Code   RO         1896    .text               mc_w.l(uldiv.o)
    0x08000984   0x08000984   0x0000001e   Code   RO         1898    .text               mc_w.l(llshl.o)
    0x080009a2   0x080009a2   0x00000020   Code   RO         1900    .text               mc_w.l(llushr.o)
    0x080009c2   0x080009c2   0x00000024   Code   RO         1902    .text               mc_w.l(llsshr.o)
    0x080009e6   0x080009e6   0x0000001c   Code   RO         1911    .text               mc_w.l(_chval.o)
    0x08000a02   0x08000a02   0x00000000   Code   RO         1917    .text               mc_w.l(iusefp.o)
    0x08000a02   0x08000a02   0x0000006e   Code   RO         1918    .text               mf_w.l(fepilogue.o)
    0x08000a70   0x08000a70   0x000000ba   Code   RO         1920    .text               mf_w.l(depilogue.o)
    0x08000b2a   0x08000b2a   0x0000002e   Code   RO         1922    .text               mf_w.l(dscalb.o)
    0x08000b58   0x08000b58   0x000000a2   Code   RO         1924    .text               mf_w.l(dsqrt.o)
    0x08000bfa   0x08000bfa   0x00000030   Code   RO         1926    .text               mf_w.l(dfixul.o)
    0x08000c2a   0x08000c2a   0x00000002   PAD
    0x08000c2c   0x08000c2c   0x00000030   Code   RO         1928    .text               mf_w.l(cdrcmple.o)
    0x08000c5c   0x08000c5c   0x00000030   Code   RO         1930    .text               mc_w.l(init.o)
    0x08000c8c   0x08000c8c   0x00000002   Code   RO          146    .text.BusFault_Handler  stm32f1xx_it.o
    0x08000c8e   0x08000c8e   0x00000002   PAD
    0x08000c90   0x08000c90   0x00000002   Code   RO          152    .text.DebugMon_Handler  stm32f1xx_it.o
    0x08000c92   0x08000c92   0x00000002   PAD
    0x08000c94   0x08000c94   0x00000006   Code   RO         1313    .text.EXTI0_IRQHandler  exit.o
    0x08000c9a   0x08000c9a   0x00000002   PAD
    0x08000c9c   0x08000c9c   0x00000006   Code   RO         1315    .text.EXTI1_IRQHandler  exit.o
    0x08000ca2   0x08000ca2   0x00000002   PAD
    0x08000ca4   0x08000ca4   0x00000006   Code   RO         1317    .text.EXTI2_IRQHandler  exit.o
    0x08000caa   0x08000caa   0x00000002   PAD
    0x08000cac   0x08000cac   0x00000006   Code   RO         1319    .text.EXTI3_IRQHandler  exit.o
    0x08000cb2   0x08000cb2   0x00000002   PAD
    0x08000cb4   0x08000cb4   0x0000000a   Code   RO           15    .text.Error_Handler  main.o
    0x08000cbe   0x08000cbe   0x00000002   PAD
    0x08000cc0   0x08000cc0   0x0000011c   Code   RO         1332    .text.GetData       ps2.o
    0x08000ddc   0x08000ddc   0x00000046   Code   RO          486    .text.HAL_DMA_Abort  stm32f1xx_hal_dma.o
    0x08000e22   0x08000e22   0x00000002   PAD
    0x08000e24   0x08000e24   0x00000130   Code   RO          488    .text.HAL_DMA_Abort_IT  stm32f1xx_hal_dma.o
    0x08000f54   0x08000f54   0x00000028   Code   RO          362    .text.HAL_Delay     stm32f1xx_hal.o
    0x08000f7c   0x08000f7c   0x000000a8   Code   RO           17    .text.HAL_GPIO_EXTI_Callback  main.o
    0x08001024   0x08001024   0x00000016   Code   RO          466    .text.HAL_GPIO_EXTI_IRQHandler  stm32f1xx_hal_gpio.o
    0x0800103a   0x0800103a   0x00000002   PAD
    0x0800103c   0x0800103c   0x000001e6   Code   RO          454    .text.HAL_GPIO_Init  stm32f1xx_hal_gpio.o
    0x08001222   0x08001222   0x00000002   PAD
    0x08001224   0x08001224   0x0000000a   Code   RO          458    .text.HAL_GPIO_ReadPin  stm32f1xx_hal_gpio.o
    0x0800122e   0x0800122e   0x00000002   PAD
    0x08001230   0x08001230   0x0000000a   Code   RO          460    .text.HAL_GPIO_WritePin  stm32f1xx_hal_gpio.o
    0x0800123a   0x0800123a   0x00000002   PAD
    0x0800123c   0x0800123c   0x0000000c   Code   RO          354    .text.HAL_GetTick   stm32f1xx_hal.o
    0x08001248   0x08001248   0x00000164   Code   RO          204    .text.HAL_I2C_Init  stm32f1xx_hal_i2c.o
    0x080013ac   0x080013ac   0x00000400   Code   RO          220    .text.HAL_I2C_Master_Receive  stm32f1xx_hal_i2c.o
    0x080017ac   0x080017ac   0x000001dc   Code   RO          212    .text.HAL_I2C_Master_Transmit  stm32f1xx_hal_i2c.o
    0x08001988   0x08001988   0x000000d0   Code   RO           50    .text.HAL_I2C_MspInit  i2c.o
    0x08001a58   0x08001a58   0x0000001a   Code   RO          352    .text.HAL_IncTick   stm32f1xx_hal.o
    0x08001a72   0x08001a72   0x00000002   PAD
    0x08001a74   0x08001a74   0x00000026   Code   RO          342    .text.HAL_Init      stm32f1xx_hal.o
    0x08001a9a   0x08001a9a   0x00000002   PAD
    0x08001a9c   0x08001a9c   0x00000048   Code   RO          344    .text.HAL_InitTick  stm32f1xx_hal.o
    0x08001ae4   0x08001ae4   0x00000042   Code   RO          181    .text.HAL_MspInit   stm32f1xx_hal_msp.o
    0x08001b26   0x08001b26   0x00000002   PAD
    0x08001b28   0x08001b28   0x00000022   Code   RO          514    .text.HAL_NVIC_EnableIRQ  stm32f1xx_hal_cortex.o
    0x08001b4a   0x08001b4a   0x00000002   PAD
    0x08001b4c   0x08001b4c   0x00000056   Code   RO          512    .text.HAL_NVIC_SetPriority  stm32f1xx_hal_cortex.o
    0x08001ba2   0x08001ba2   0x00000002   PAD
    0x08001ba4   0x08001ba4   0x00000020   Code   RO          510    .text.HAL_NVIC_SetPriorityGrouping  stm32f1xx_hal_cortex.o
    0x08001bc4   0x08001bc4   0x000001ba   Code   RO          406    .text.HAL_RCC_ClockConfig  stm32f1xx_hal_rcc.o
    0x08001d7e   0x08001d7e   0x00000002   PAD
    0x08001d80   0x08001d80   0x00000026   Code   RO          418    .text.HAL_RCC_GetPCLK1Freq  stm32f1xx_hal_rcc.o
    0x08001da6   0x08001da6   0x00000002   PAD
    0x08001da8   0x08001da8   0x00000026   Code   RO          420    .text.HAL_RCC_GetPCLK2Freq  stm32f1xx_hal_rcc.o
    0x08001dce   0x08001dce   0x00000002   PAD
    0x08001dd0   0x08001dd0   0x00000400   Code   RO          404    .text.HAL_RCC_OscConfig  stm32f1xx_hal_rcc.o
    0x080021d0   0x080021d0   0x000000a8   Code   RO          675    .text.HAL_SPI_Init  stm32f1xx_hal_spi.o
    0x08002278   0x08002278   0x0000007a   Code   RO           66    .text.HAL_SPI_MspInit  spi.o
    0x080022f2   0x080022f2   0x00000002   PAD
    0x080022f4   0x080022f4   0x000002d4   Code   RO          687    .text.HAL_SPI_TransmitReceive  stm32f1xx_hal_spi.o
    0x080025c8   0x080025c8   0x0000002c   Code   RO          522    .text.HAL_SYSTICK_Config  stm32f1xx_hal_cortex.o
    0x080025f4   0x080025f4   0x00000002   Code   RO         1094    .text.HAL_TIMEx_BreakCallback  stm32f1xx_hal_tim_ex.o
    0x080025f6   0x080025f6   0x00000002   PAD
    0x080025f8   0x080025f8   0x00000002   Code   RO         1090    .text.HAL_TIMEx_CommutCallback  stm32f1xx_hal_tim_ex.o
    0x080025fa   0x080025fa   0x00000002   PAD
    0x080025fc   0x080025fc   0x0000004c   Code   RO         1086    .text.HAL_TIMEx_ConfigBreakDeadTime  stm32f1xx_hal_tim_ex.o
    0x08002648   0x08002648   0x00000096   Code   RO         1084    .text.HAL_TIMEx_MasterConfigSynchronization  stm32f1xx_hal_tim_ex.o
    0x080026de   0x080026de   0x00000002   PAD
    0x080026e0   0x080026e0   0x0000011e   Code   RO          789    .text.HAL_TIM_Base_Init  stm32f1xx_hal_tim.o
    0x080027fe   0x080027fe   0x00000002   PAD
    0x08002800   0x08002800   0x000000be   Code   RO           91    .text.HAL_TIM_Base_MspInit  tim.o
    0x080028be   0x080028be   0x00000002   PAD
    0x080028c0   0x080028c0   0x00000086   Code   RO          803    .text.HAL_TIM_Base_Start_IT  stm32f1xx_hal_tim.o
    0x08002946   0x08002946   0x00000002   PAD
    0x08002948   0x08002948   0x00000034   Code   RO          801    .text.HAL_TIM_Base_Stop  stm32f1xx_hal_tim.o
    0x0800297c   0x0800297c   0x000001a0   Code   RO          969    .text.HAL_TIM_ConfigClockSource  stm32f1xx_hal_tim.o
    0x08002b1c   0x08002b1c   0x00000180   Code   RO          903    .text.HAL_TIM_Encoder_Init  stm32f1xx_hal_tim.o
    0x08002c9c   0x08002c9c   0x000000c0   Code   RO           93    .text.HAL_TIM_Encoder_MspInit  tim.o
    0x08002d5c   0x08002d5c   0x000000bc   Code   RO          911    .text.HAL_TIM_Encoder_Start  stm32f1xx_hal_tim.o
    0x08002e18   0x08002e18   0x00000002   Code   RO          925    .text.HAL_TIM_IC_CaptureCallback  stm32f1xx_hal_tim.o
    0x08002e1a   0x08002e1a   0x00000002   PAD
    0x08002e1c   0x08002e1c   0x00000170   Code   RO          923    .text.HAL_TIM_IRQHandler  stm32f1xx_hal_tim.o
    0x08002f8c   0x08002f8c   0x00000002   Code   RO          927    .text.HAL_TIM_OC_DelayElapsedCallback  stm32f1xx_hal_tim.o
    0x08002f8e   0x08002f8e   0x00000002   PAD
    0x08002f90   0x08002f90   0x0000025c   Code   RO          943    .text.HAL_TIM_PWM_ConfigChannel  stm32f1xx_hal_tim.o
    0x080031ec   0x080031ec   0x0000011e   Code   RO          843    .text.HAL_TIM_PWM_Init  stm32f1xx_hal_tim.o
    0x0800330a   0x0800330a   0x00000002   PAD
    0x0800330c   0x0800330c   0x00000002   Code   RO          845    .text.HAL_TIM_PWM_MspInit  stm32f1xx_hal_tim.o
    0x0800330e   0x0800330e   0x00000002   PAD
    0x08003310   0x08003310   0x00000002   Code   RO          929    .text.HAL_TIM_PWM_PulseFinishedCallback  stm32f1xx_hal_tim.o
    0x08003312   0x08003312   0x00000002   PAD
    0x08003314   0x08003314   0x000000de   Code   RO          851    .text.HAL_TIM_PWM_Start  stm32f1xx_hal_tim.o
    0x080033f2   0x080033f2   0x00000002   PAD
    0x080033f4   0x080033f4   0x0000008c   Code   RO           32    .text.HAL_TIM_PeriodElapsedCallback  gpio.o
    0x08003480   0x08003480   0x00000002   Code   RO          933    .text.HAL_TIM_TriggerCallback  stm32f1xx_hal_tim.o
    0x08003482   0x08003482   0x00000002   PAD
    0x08003484   0x08003484   0x000000d8   Code   RO         1297    .text.HAL_UART1_RxCpltCallback  usart1.o
    0x0800355c   0x0800355c   0x00000002   Code   RO         1192    .text.HAL_UARTEx_RxEventCallback  stm32f1xx_hal_uart.o
    0x0800355e   0x0800355e   0x00000002   PAD
    0x08003560   0x08003560   0x00000002   Code   RO         1190    .text.HAL_UART_ErrorCallback  stm32f1xx_hal_uart.o
    0x08003562   0x08003562   0x00000002   PAD
    0x08003564   0x08003564   0x00000570   Code   RO         1184    .text.HAL_UART_IRQHandler  stm32f1xx_hal_uart.o
    0x08003ad4   0x08003ad4   0x000000e2   Code   RO         1108    .text.HAL_UART_Init  stm32f1xx_hal_uart.o
    0x08003bb6   0x08003bb6   0x00000002   PAD
    0x08003bb8   0x08003bb8   0x000001f4   Code   RO          120    .text.HAL_UART_MspInit  usart.o
    0x08003dac   0x08003dac   0x00000054   Code   RO         1128    .text.HAL_UART_Receive_IT  stm32f1xx_hal_uart.o
    0x08003e00   0x08003e00   0x0000001c   Code   RO          124    .text.HAL_UART_RxCpltCallback  usart.o
    0x08003e1c   0x08003e1c   0x00000272   Code   RO         1122    .text.HAL_UART_Transmit  stm32f1xx_hal_uart.o
    0x0800408e   0x0800408e   0x00000002   PAD
    0x08004090   0x08004090   0x00000002   Code   RO         1194    .text.HAL_UART_TxCpltCallback  stm32f1xx_hal_uart.o
    0x08004092   0x08004092   0x00000002   PAD
    0x08004094   0x08004094   0x00000002   Code   RO          142    .text.HardFault_Handler  stm32f1xx_it.o
    0x08004096   0x08004096   0x00000002   PAD
    0x08004098   0x08004098   0x000000ba   Code   RO          218    .text.I2C_WaitOnBTFFlagUntilTimeout  stm32f1xx_hal_i2c.o
    0x08004152   0x08004152   0x00000002   PAD
    0x08004154   0x08004154   0x000001ca   Code   RO          214    .text.I2C_WaitOnFlagUntilTimeout  stm32f1xx_hal_i2c.o
    0x0800431e   0x0800431e   0x00000002   PAD
    0x08004320   0x08004320   0x000000d6   Code   RO          332    .text.I2C_WaitOnMasterAddressFlagUntilTimeout  stm32f1xx_hal_i2c.o
    0x080043f6   0x080043f6   0x00000002   PAD
    0x080043f8   0x080043f8   0x00000090   Code   RO          222    .text.I2C_WaitOnRXNEFlagUntilTimeout  stm32f1xx_hal_i2c.o
    0x08004488   0x08004488   0x000000ba   Code   RO          216    .text.I2C_WaitOnTXEFlagUntilTimeout  stm32f1xx_hal_i2c.o
    0x08004542   0x08004542   0x00000002   PAD
    0x08004544   0x08004544   0x000000d4   Code   RO           30    .text.MX_GPIO_Init  gpio.o
    0x08004618   0x08004618   0x00000042   Code   RO           46    .text.MX_I2C1_Init  i2c.o
    0x0800465a   0x0800465a   0x00000002   PAD
    0x0800465c   0x0800465c   0x00000042   Code   RO           48    .text.MX_I2C2_Init  i2c.o
    0x0800469e   0x0800469e   0x00000002   PAD
    0x080046a0   0x080046a0   0x0000004e   Code   RO           64    .text.MX_SPI1_Init  spi.o
    0x080046ee   0x080046ee   0x00000002   PAD
    0x080046f0   0x080046f0   0x00000076   Code   RO           79    .text.MX_TIM1_Init  tim.o
    0x08004766   0x08004766   0x00000002   PAD
    0x08004768   0x08004768   0x00000062   Code   RO           81    .text.MX_TIM2_Init  tim.o
    0x080047ca   0x080047ca   0x00000002   PAD
    0x080047cc   0x080047cc   0x000001b4   Code   RO           83    .text.MX_TIM3_Init  tim.o
    0x08004980   0x08004980   0x00000066   Code   RO           87    .text.MX_TIM4_Init  tim.o
    0x080049e6   0x080049e6   0x00000002   PAD
    0x080049e8   0x080049e8   0x000001d8   Code   RO           89    .text.MX_TIM8_Init  tim.o
    0x08004bc0   0x08004bc0   0x0000003c   Code   RO          112    .text.MX_UART4_Init  usart.o
    0x08004bfc   0x08004bfc   0x0000003c   Code   RO          114    .text.MX_UART5_Init  usart.o
    0x08004c38   0x08004c38   0x0000003c   Code   RO          116    .text.MX_USART1_UART_Init  usart.o
    0x08004c74   0x08004c74   0x0000003c   Code   RO          118    .text.MX_USART2_UART_Init  usart.o
    0x08004cb0   0x08004cb0   0x00000002   Code   RO          144    .text.MemManage_Handler  stm32f1xx_it.o
    0x08004cb2   0x08004cb2   0x00000002   PAD
    0x08004cb4   0x08004cb4   0x00000002   Code   RO          140    .text.NMI_Handler   stm32f1xx_it.o
    0x08004cb6   0x08004cb6   0x00000002   PAD
    0x08004cb8   0x08004cb8   0x000000a0   Code   RO         1257    .text.OLED_Clear    oled.o
    0x08004d58   0x08004d58   0x00000164   Code   RO         1249    .text.OLED_I2C_SendByte  oled.o
    0x08004ebc   0x08004ebc   0x000000ea   Code   RO         1279    .text.OLED_Init     oled.o
    0x08004fa6   0x08004fa6   0x00000002   PAD
    0x08004fa8   0x08004fa8   0x000000d8   Code   RO         1261    .text.OLED_ShowChar  oled.o
    0x08005080   0x08005080   0x000000b8   Code   RO         1271    .text.OLED_ShowNum  oled.o
    0x08005138   0x08005138   0x000000d2   Code   RO         1273    .text.OLED_ShowSignedNum  oled.o
    0x0800520a   0x0800520a   0x00000002   PAD
    0x0800520c   0x0800520c   0x0000002a   Code   RO         1263    .text.OLED_ShowString  oled.o
    0x08005236   0x08005236   0x00000002   PAD
    0x08005238   0x08005238   0x00000076   Code   RO         1251    .text.OLED_WriteCommand  oled.o
    0x080052ae   0x080052ae   0x00000002   PAD
    0x080052b0   0x080052b0   0x00000076   Code   RO         1253    .text.OLED_WriteData  oled.o
    0x08005326   0x08005326   0x00000002   PAD
    0x08005328   0x08005328   0x000000c2   Code   RO         1513    .text.PCA_MG9XX     pca9685.o
    0x080053ea   0x080053ea   0x00000002   PAD
    0x080053ec   0x080053ec   0x00000672   Code   RO         1511    .text.PCA_MG9XX_Init  pca9685.o
    0x08005a5e   0x08005a5e   0x00000002   PAD
    0x08005a60   0x08005a60   0x0000001e   Code   RO         1423    .text.PID_Param_Init  pid.o
    0x08005a7e   0x08005a7e   0x00000002   PAD
    0x08005a80   0x08005a80   0x000001b0   Code   RO         1340    .text.PS2Data       ps2.o
    0x08005c30   0x08005c30   0x000000da   Code   RO         1377    .text.PS2Servo      servo.o
    0x08005d0a   0x08005d0a   0x00000002   PAD
    0x08005d0c   0x08005d0c   0x000003ca   Code   RO         1330    .text.PS2_Get       ps2.o
    0x080060d6   0x080060d6   0x00000002   PAD
    0x080060d8   0x080060d8   0x0000001e   Code   RO         1442    .text.PWM8_SetCH1   pwm_motor.o
    0x080060f6   0x080060f6   0x00000002   PAD
    0x080060f8   0x080060f8   0x0000001e   Code   RO         1444    .text.PWM8_SetCH2   pwm_motor.o
    0x08006116   0x08006116   0x00000002   PAD
    0x08006118   0x08006118   0x00000002   Code   RO          154    .text.PendSV_Handler  stm32f1xx_it.o
    0x0800611a   0x0800611a   0x00000002   PAD
    0x0800611c   0x0800611c   0x00000074   Code   RO         1392    .text.Read_SPEEDA   encoder.o
    0x08006190   0x08006190   0x00000064   Code   RO         1394    .text.Read_SPEEDB   encoder.o
    0x080061f4   0x080061f4   0x000000e4   Code   RO          779    .text.SPI_WaitFlagStateUntilTimeout  stm32f1xx_hal_spi.o
    0x080062d8   0x080062d8   0x00000002   Code   RO          150    .text.SVC_Handler   stm32f1xx_it.o
    0x080062da   0x080062da   0x00000002   PAD
    0x080062dc   0x080062dc   0x00000004   Code   RO          156    .text.SysTick_Handler  stm32f1xx_it.o
    0x080062e0   0x080062e0   0x00000002   Code   RO         1228    .text.SystemInit    system_stm32f1xx.o
    0x080062e2   0x080062e2   0x00000002   PAD
    0x080062e4   0x080062e4   0x0000000c   Code   RO          160    .text.TIM1_TRG_COM_IRQHandler  stm32f1xx_it.o
    0x080062f0   0x080062f0   0x0000000c   Code   RO          158    .text.TIM1_UP_IRQHandler  stm32f1xx_it.o
    0x080062fc   0x080062fc   0x0000000c   Code   RO          162    .text.TIM2_IRQHandler  stm32f1xx_it.o
    0x08006308   0x08006308   0x0000000c   Code   RO          164    .text.TIM3_IRQHandler  stm32f1xx_it.o
    0x08006314   0x08006314   0x0000000c   Code   RO          166    .text.TIM4_IRQHandler  stm32f1xx_it.o
    0x08006320   0x08006320   0x0000000c   Code   RO          172    .text.TIM8_TRG_COM_IRQHandler  stm32f1xx_it.o
    0x0800632c   0x0800632c   0x0000000c   Code   RO          170    .text.TIM8_UP_IRQHandler  stm32f1xx_it.o
    0x08006338   0x08006338   0x0000000c   Code   RO         1188    .text.UART_DMAAbortOnError  stm32f1xx_hal_uart.o
    0x08006344   0x08006344   0x000000fe   Code   RO         1186    .text.UART_Receive_IT  stm32f1xx_hal_uart.o
    0x08006442   0x08006442   0x00000002   PAD
    0x08006444   0x08006444   0x0000000c   Code   RO          168    .text.USART1_IRQHandler  stm32f1xx_it.o
    0x08006450   0x08006450   0x00000002   Code   RO          148    .text.UsageFault_Handler  stm32f1xx_it.o
    0x08006452   0x08006452   0x00000002   PAD
    0x08006454   0x08006454   0x000000c0   Code   RO         1429    .text.VelocityRing_MOTORA_Control  pid.o
    0x08006514   0x08006514   0x00000098   Code   RO         1431    .text.VelocityRing_MOTORB_Control  pid.o
    0x080065ac   0x080065ac   0x00000076   Code   RO         1472    .text.alg_Yolo      em_alg.o
    0x08006622   0x08006622   0x00000002   PAD
    0x08006624   0x08006624   0x00000082   Code   RO         1470    .text.alg_move_run  em_alg.o
    0x080066a6   0x080066a6   0x00000002   PAD
    0x080066a8   0x080066a8   0x00000034   Code   RO         1468    .text.alg_set_move_action  em_alg.o
    0x080066dc   0x080066dc   0x00000020   Code   RO          126    .text.fputc         usart.o
    0x080066fc   0x080066fc   0x0000037c   Code   RO         1464    .text.inverse_operation  em_alg.o
    0x08006a78   0x08006a78   0x00000218   Code   RO           11    .text.main          main.o
    0x08006c90   0x08006c90   0x000000c2   Code   RO         1408    .text.motor_speed   motor.o
    0x08006d52   0x08006d52   0x00000002   PAD
    0x08006d54   0x08006d54   0x00000106   Code   RO         1507    .text.pca_setfreq   pca9685.o
    0x08006e5a   0x08006e5a   0x00000002   PAD
    0x08006e5c   0x08006e5c   0x000000d8   Code   RO         1412    .text.step_run      motor.o
    0x08006f34   0x08006f34   0x00000012   Code   RO         1410    .text.stop          motor.o
    0x08006f46   0x08006f46   0x00000002   PAD
    0x08006f48   0x08006f48   0x0000001e   Code   RO         1291    .text.usart1_Init   usart1.o
    0x08006f66   0x08006f66   0x00000002   PAD
    0x08006f68   0x08006f68   0x00000020   Code   RO         1786    i.__0printf         mc_w.l(printfa.o)
    0x08006f88   0x08006f88   0x00000028   Code   RO         1866    i.__ARM_fpclassify  m_ws.l(fpclassify.o)
    0x08006fb0   0x08006fb0   0x000000aa   Code   RO         1868    i.__kernel_poly     m_ws.l(poly.o)
    0x0800705a   0x0800705a   0x00000006   Code   RO         1853    i.__mathlib_dbl_infnan  m_ws.l(dunder.o)
    0x08007060   0x08007060   0x0000000c   Code   RO         1855    i.__mathlib_dbl_invalid  m_ws.l(dunder.o)
    0x0800706c   0x0800706c   0x00000010   Code   RO         1858    i.__mathlib_dbl_underflow  m_ws.l(dunder.o)
    0x0800707c   0x0800707c   0x0000000e   Code   RO         1941    i.__scatterload_copy  mc_w.l(handlers.o)
    0x0800708a   0x0800708a   0x00000002   Code   RO         1942    i.__scatterload_null  mc_w.l(handlers.o)
    0x0800708c   0x0800708c   0x0000000e   Code   RO         1943    i.__scatterload_zeroinit  mc_w.l(handlers.o)
    0x0800709a   0x0800709a   0x00000002   PAD
    0x0800709c   0x0800709c   0x0000000c   Code   RO         1906    i.__set_errno       mc_w.l(errno.o)
    0x080070a8   0x080070a8   0x00000184   Code   RO         1793    i._fp_digits        mc_w.l(printfa.o)
    0x0800722c   0x0800722c   0x000006dc   Code   RO         1794    i._printf_core      mc_w.l(printfa.o)
    0x08007908   0x08007908   0x00000024   Code   RO         1795    i._printf_post_padding  mc_w.l(printfa.o)
    0x0800792c   0x0800792c   0x0000002e   Code   RO         1796    i._printf_pre_padding  mc_w.l(printfa.o)
    0x0800795a   0x0800795a   0x00000002   PAD
    0x0800795c   0x0800795c   0x0000027c   Code   RO         1523    i.acos              m_ws.l(acos.o)
    0x08007bd8   0x08007bd8   0x00000220   Code   RO         1528    i.atan              m_ws.l(atan.o)
    0x08007df8   0x08007df8   0x000000dc   Code   RO         1533    i.floor             m_ws.l(floor.o)
    0x08007ed4   0x08007ed4   0x0000000c   Code   RO         1545    i.putchar           mc_w.l(putchar.o)
    0x08007ee0   0x08007ee0   0x00000024   Code   RO         1543    i.puts              mc_w.l(puts.o)
    0x08007f04   0x08007f04   0x0000004c   Code   RO         1537    i.sqrt              m_ws.l(sqrt.o)
    0x08007f50   0x08007f50   0x00000050   Data   RO         1524    .constdata          m_ws.l(acos.o)
    0x08007fa0   0x08007fa0   0x00000098   Data   RO         1529    .constdata          m_ws.l(atan.o)
    0x08008038   0x08008038   0x00000010   Data   RO         1233    .rodata.AHBPrescTable  system_stm32f1xx.o
    0x08008048   0x08008048   0x00000008   Data   RO         1234    .rodata.APBPrescTable  system_stm32f1xx.o
    0x08008050   0x08008050   0x00000002   Data   RO          431    .rodata.HAL_RCC_GetSysClockFreq.aPredivFactorTable  stm32f1xx_hal_rcc.o
    0x08008052   0x08008052   0x000005f0   Data   RO         1281    .rodata.OLED_F8x16  oled.o
    0x08008642   0x08008642   0x00000010   Data   RO          430    .rodata.cst16       stm32f1xx_hal_rcc.o
    0x08008652   0x08008652   0x0000002b   Data   RO         1300    .rodata.str1.1      usart1.o
    0x0800867d   0x0800867d   0x0000000e   Data   RO         1349    .rodata.str1.1      ps2.o
    0x0800868b   0x0800868b   0x00000052   Data   RO         1474    .rodata.str1.1      em_alg.o
    0x080086dd   0x080086dd   0x00000003   PAD
    0x080086e0   0x080086e0   0x00000020   Data   RO         1940    Region$$Table       anon$$obj.o


    Execution Region RW_IRAM1 (Exec base: 0x20000000, Load base: 0x08008700, Size: 0x000008f0, Max: 0x0000c000, ABSOLUTE)

    Exec Addr    Load Addr    Size         Type   Attr      Idx    E Section Name        Object

    0x20000000   0x08008700   0x00000004   Data   RW         1884    .data               mc_w.l(stdout.o)
    0x20000004   0x08008704   0x00000004   Data   RW         1907    .data               mc_w.l(errno.o)
    0x20000008   0x08008708   0x00000008   Data   RW          393    .data..L_MergedGlobals  stm32f1xx_hal.o
    0x20000010   0x08008710   0x0000000a   Data   RW         1351    .data..L_MergedGlobals  ps2.o
    0x2000001a   0x0800871a   0x00000002   PAD
    0x2000001c   0x0800871c   0x00000004   Data   RW         1232    .data.SystemCoreClock  system_stm32f1xx.o
    0x20000020   0x08008720   0x00000003   Data   RW         1346    .data.cmd           ps2.o
    0x20000023   0x08008723   0x00000005   PAD
    0x20000028        -       0x0000000c   Zero   RW           37    .bss..L_MergedGlobals  gpio.o
    0x20000034        -       0x0000006d   Zero   RW         1302    .bss..L_MergedGlobals  usart1.o
    0x200000a1   0x08008723   0x00000003   PAD
    0x200000a4        -       0x0000000c   Zero   RW         1379    .bss..L_MergedGlobals  servo.o
    0x200000b0        -       0x0000000c   Zero   RW         1414    .bss..L_MergedGlobals  motor.o
    0x200000bc        -       0x00000040   Zero   RW         1433    .bss..L_MergedGlobals  pid.o
    0x200000fc        -       0x00000018   Zero   RW         1478    .bss..L_MergedGlobals  em_alg.o
    0x20000114        -       0x00000040   Zero   RW         1352    .bss..L_MergedGlobals.16  ps2.o
    0x20000154        -       0x00000010   Zero   RW           20    .bss.KEY_t          main.o
    0x20000164        -       0x00000054   Zero   RW           54    .bss.hi2c1          i2c.o
    0x200001b8        -       0x00000054   Zero   RW           55    .bss.hi2c2          i2c.o
    0x2000020c        -       0x00000058   Zero   RW           70    .bss.hspi1          spi.o
    0x20000264        -       0x00000048   Zero   RW           99    .bss.htim1          tim.o
    0x200002ac        -       0x00000048   Zero   RW          100    .bss.htim2          tim.o
    0x200002f4        -       0x00000048   Zero   RW          101    .bss.htim3          tim.o
    0x2000033c        -       0x00000048   Zero   RW          102    .bss.htim4          tim.o
    0x20000384        -       0x00000048   Zero   RW          103    .bss.htim8          tim.o
    0x200003cc        -       0x00000048   Zero   RW          130    .bss.huart1         usart.o
    0x20000414        -       0x00000048   Zero   RW          131    .bss.huart2         usart.o
    0x2000045c        -       0x00000048   Zero   RW          128    .bss.huart4         usart.o
    0x200004a4        -       0x00000048   Zero   RW          129    .bss.huart5         usart.o
    0x200004ec        -       0x00000004   Zero   RW          392    .bss.uwTick         stm32f1xx_hal.o
    0x200004f0        -       0x00000400   Zero   RW            1    STACK               startup_stm32f103xe.o


==============================================================================

Image component sizes


      Code (inc. data)   RO Data    RW Data    ZI Data      Debug   Object Name

      1192         24         82          0         24       4696   em_alg.o
       216          0          0          0          0       1251   encoder.o
        24          0          0          0          0       2593   exit.o
       352          8          0          0         12       4963   gpio.o
       340          0          0          0        168       4977   i2c.o
       714         72          0          0         16       5080   main.o
       428          0          0          0         12       2498   motor.o
      1638          0       1520          0          0      11530   oled.o
      2106          0          0          0          0      13054   pca9685.o
       374          0          0          0         64       2470   pid.o
      1686        104         14         13         64       7641   ps2.o
        60          0          0          0          0       2234   pwm_motor.o
       218          0          0          0         12       3964   servo.o
       200          0          0          0         88       4298   spi.o
        36          8        304          0       1024        796   startup_stm32f103xe.o
       188          0          0          8          4       6094   stm32f1xx_hal.o
       196          0          0          0          0       8749   stm32f1xx_hal_cortex.o
       374          0          0          0          0       8759   stm32f1xx_hal_dma.o
       528         22          0          0          0       4702   stm32f1xx_hal_gpio.o
      3044          0          0          0          0      44946   stm32f1xx_hal_i2c.o
        66          0          0          0          0       1206   stm32f1xx_hal_msp.o
      1542          0         18          0          0       8072   stm32f1xx_hal_rcc.o
      1120          0          0          0          0      24521   stm32f1xx_hal_spi.o
      2950          6          0          0          0      59189   stm32f1xx_hal_tim.o
       230          0          0          0          0      21478   stm32f1xx_hal_tim_ex.o
      2600          0          0          0          0      33288   stm32f1xx_hal_uart.o
       116          0          0          0          0       6151   stm32f1xx_it.o
         2          0         24          4          0       1583   system_stm32f1xx.o
      1608          0          0          0        360      11747   tim.o
       800          0          0          0        288       7557   usart.o
       246          4         43          0        109       5720   usart1.o

    ----------------------------------------------------------------------
     25344        248       2040         28       2252     325807   Object Totals
         0          0         32          0          0          0   (incl. Generated)
       150          0          3          3          7          0   (incl. Padding)

    ----------------------------------------------------------------------

      Code (inc. data)   RO Data    RW Data    ZI Data      Debug   Library Member Name

       636         62         80          0          0        188   acos.o
       544         70        152          0          0        124   atan.o
        34          6          0          0          0        204   dunder.o
       220         16          0          0          0         84   floor.o
        40          0          0          0          0         68   fpclassify.o
       170          0          0          0          0         96   poly.o
        76          0          0          0          0         84   sqrt.o
        28          0          0          0          0         68   _chval.o
       332          0          0          0          0         96   _scanf_int.o
         0          0          0          0          0          0   entry.o
         0          0          0          0          0          0   entry10a.o
         0          0          0          0          0          0   entry11a.o
         8          4          0          0          0          0   entry2.o
         4          0          0          0          0          0   entry5.o
         0          0          0          0          0          0   entry7b.o
         0          0          0          0          0          0   entry8b.o
         8          4          0          0          0          0   entry9a.o
        12          6          0          4          0         68   errno.o
        30          0          0          0          0          0   handlers.o
        48         10          0          0          0         68   init.o
         0          0          0          0          0          0   iusefp.o
        30          0          0          0          0         68   llshl.o
        36          0          0          0          0         68   llsshr.o
        32          0          0          0          0         68   llushr.o
      2258         90          0          0          0        452   printfa.o
        12          6          0          0          0         68   putchar.o
        36          6          0          0          0         80   puts.o
         0          0          0          4          0          0   stdout.o
        44          0          0          0          0         80   uidiv.o
        98          0          0          0          0         92   uldiv.o
        48          0          0          0          0         68   cdrcmple.o
        56          0          0          0          0         88   d2f.o
       334          0          0          0          0        148   dadd.o
       222          0          0          0          0        100   ddiv.o
       186          0          0          0          0        176   depilogue.o
        62          0          0          0          0         80   dfixi.o
        50          0          0          0          0         76   dfixui.o
        48          0          0          0          0         68   dfixul.o
        34          0          0          0          0         76   dflti.o
        26          0          0          0          0         76   dfltui.o
       228          0          0          0          0         96   dmul.o
        46          0          0          0          0         80   dscalb.o
       162          0          0          0          0        100   dsqrt.o
        38          0          0          0          0         68   f2d.o
       176          0          0          0          0        140   fadd.o
        28          0          0          0          0         68   fcmpge.o
        28          0          0          0          0         68   fcmpgt.o
        28          0          0          0          0         68   fcmplt.o
       124          0          0          0          0         88   fdiv.o
       110          0          0          0          0        168   fepilogue.o
        50          0          0          0          0         68   ffixi.o
        18          0          0          0          0         68   fflti.o
       100          0          0          0          0         76   fmul.o

    ----------------------------------------------------------------------
      6944        280        232          8          0       4236   Library Totals
         6          0          0          0          0          0   (incl. Padding)

    ----------------------------------------------------------------------

      Code (inc. data)   RO Data    RW Data    ZI Data      Debug   Library Name

      1720        154        232          0          0        848   m_ws.l
      3016        126          0          8          0       1276   mc_w.l
      2202          0          0          0          0       2112   mf_w.l

    ----------------------------------------------------------------------
      6944        280        232          8          0       4236   Library Totals

    ----------------------------------------------------------------------

==============================================================================


      Code (inc. data)   RO Data    RW Data    ZI Data      Debug   

     32288        528       2272         36       2252     327275   Grand Totals
     32288        528       2272         36       2252     327275   ELF Image Totals
     32288        528       2272         36          0          0   ROM Totals

==============================================================================

    Total RO  Size (Code + RO Data)                34560 (  33.75kB)
    Total RW  Size (RW Data + ZI Data)              2288 (   2.23kB)
    Total ROM Size (Code + RO Data + RW Data)      34596 (  33.79kB)

==============================================================================

