<html>
<body>
<pre>
<h1>�Vision Build Log</h1>
<h2>Tool Versions:</h2>
IDE-Version: µVision V5.42.0.0
Copyright (C) 2025 ARM Ltd and ARM Germany GmbH. All rights reserved.
License Information: 1 hong, 1, LIC=47GU5-GQJ0F-HLTCL-04LQZ-4BUKI-PHE5N
 
Tool Versions:
Toolchain:       MDK-ARM Plus  Version: 5.42.0.0
Toolchain Path:  D:\Keil_v5\ARM\ARMCLANG\Bin
C Compiler:      ArmClang.exe V6.23
Assembler:       Armasm.exe V6.23
Linker/Locator:  ArmLink.exe V6.23
Library Manager: ArmAr.exe V6.23
Hex Converter:   FromElf.exe V6.23
CPU DLL:         SARMCM3.DLL V5.42.0.0
Dialog DLL:      DCM.DLL V1.17.5.0
Target DLL:      STLink\ST-LINKIII-KEIL_SWO.dll V3.3.0.0
Dialog DLL:      TCM.DLL V1.56.6.0
 
<h2>Project:</h2>
D:\临时文件\搬运工\HAL_Project\crawler5.17\MDK-ARM\crawler3.9.uvprojx
Project File Date:  03/14/2025

<h2>Output:</h2>
*** Using Compiler 'V6.23', folder: 'D:\Keil_v5\ARM\ARMCLANG\Bin'
Build target 'crawler3.9'
assembling startup_stm32f103xe.s...
compiling stm32f1xx_hal_msp.c...
compiling tim.c...
compiling stm32f1xx_hal_rcc.c...
compiling main.c...
compiling stm32f1xx_hal_rcc_ex.c...
compiling stm32f1xx_hal_gpio_ex.c...
compiling i2c.c...
compiling gpio.c...
compiling spi.c...
compiling stm32f1xx_hal_gpio.c...
compiling stm32f1xx_it.c...
compiling stm32f1xx_hal.c...
compiling usart.c...
compiling stm32f1xx_hal_dma.c...
compiling stm32f1xx_hal_cortex.c...
compiling stm32f1xx_hal_pwr.c...
compiling stm32f1xx_hal_flash_ex.c...
compiling stm32f1xx_hal_flash.c...
compiling system_stm32f1xx.c...
compiling stm32f1xx_hal_exti.c...
compiling exit.c...
compiling usart1.c...
compiling PS2.c...
compiling OLED.c...
compiling encoder.c...
compiling Servo.c...
compiling stm32f1xx_hal_i2c.c...
compiling stm32f1xx_hal_tim_ex.c...
compiling Motor.c...
../driver/pid.c(45): warning: multiple unsequenced modifications to 'Integral_Error' [-Wunsequenced]
   45 |         Integral_Error=(Integral_Error>690)?Integral_Error=690:((Integral_Error<-690)?Integral_Error=-690:Integral_Error);
      |                       ~                                                                             ^
1 warning generated.
compiling pid.c...
compiling PWM_motor.c...
compiling stm32f1xx_hal_spi.c...
compiling IIC.c...
compiling em_alg.c...
compiling stm32f1xx_hal_uart.c...
compiling PCA9685.c...
compiling stm32f1xx_hal_tim.c...
linking...
Program Size: Code=32288 RO-data=2272 RW-data=36 ZI-data=2252  
FromELF: creating hex file...
"crawler3.9\crawler3.9" - 0 Error(s), 1 Warning(s).

<h2>Software Packages used:</h2>

Package Vendor: ARM
                https://www.keil.com/pack/ARM.CMSIS.6.1.0.pack
                ARM::CMSIS@6.1.0
                CMSIS (Common Microcontroller Software Interface Standard)
   * Component: CORE Version: 6.1.0

Package Vendor: Keil
                https://www.keil.com/pack/Keil.STM32F1xx_DFP.2.4.1.pack
                Keil::STM32F1xx_DFP@2.4.1
                STMicroelectronics STM32F1 Series Device Support, Drivers and Examples

<h2>Collection of Component include folders:</h2>
  ./RTE/_crawler3.9
  D:/Keil Pack/Packs/ARM/CMSIS/6.1.0/CMSIS/Core/Include
  D:/Keil Pack/Packs/Keil/STM32F1xx_DFP/2.4.1/Device/Include

<h2>Collection of Component Files used:</h2>

   * Component: ARM::CMSIS:CORE@6.1.0
      Include file:  CMSIS/Core/Include/tz_context.h
Build Time Elapsed:  00:00:03
</pre>
</body>
</html>
